<html>
<body>
<pre>
<h1>礦ision Build Log</h1>
<h2>Tool Versions:</h2>
IDE-Version: μVision V5.18.0.0
Copyright (C) 2016 ARM Ltd and ARM Germany GmbH. All rights reserved.
License Information: 软件管家 官网, www.softgi.com, LIC=LJWP0-BWK5K-WKIB8-3IYZ6-QV6YP-4P1Z3
 
Tool Versions:
Toolchain:       MDK-ARM Professional  Version: 5.18
Toolchain Path:  H:\keil5\ARM\ARMCC\Bin
C Compiler:      Armcc.exe V5.06 update 1 (build 61)
Assembler:       Armasm.exe V5.06 update 1 (build 61)
Linker/Locator:  ArmLink.exe V5.06 update 1 (build 61)
Library Manager: ArmAr.exe V5.06 update 1 (build 61)
Hex Converter:   FromElf.exe V5.06 update 1 (build 61)
CPU DLL:         SARMCM3.DLL V5.18
Dialog DLL:      DCM.DLL V1.13.6.0
Target DLL:      STLink\ST-LINKIII-KEIL_SWO.dll V2.0.18.0
Dialog DLL:      TCM.DLL V1.14.8.0
 
<h2>Project:</h2>
C:\Users\admin\Desktop\AAAAA\AAAAAA(步进电机版)\USER\Template.uvprojx
Project File Date:  05/18/2023

<h2>Output:</h2>
*** Using Compiler 'V5.06 update 1 (build 61)', folder: 'H:\keil5\ARM\ARMCC\Bin'
Rebuild target 'AAAAAA'
assembling startup_stm32f40_41xxx.s...
compiling stm32f4xx_can.c...
compiling stm32f4xx_crc.c...
compiling system_stm32f4xx.c...
compiling misc.c...
compiling stm32f4xx_it.c...
compiling main.c...
compiling stm32f4xx_adc.c...
compiling stm32f4xx_cryp_tdes.c...
compiling stm32f4xx_cryp_des.c...
compiling stm32f4xx_cryp.c...
compiling stm32f4xx_dcmi.c...
compiling stm32f4xx_cryp_aes.c...
compiling stm32f4xx_dbgmcu.c...
compiling stm32f4xx_dac.c...
compiling stm32f4xx_dma2d.c...
compiling stm32f4xx_flash.c...
compiling stm32f4xx_exti.c...
compiling stm32f4xx_gpio.c...
compiling stm32f4xx_fsmc.c...
compiling stm32f4xx_dma.c...
compiling stm32f4xx_flash_ramfunc.c...
compiling stm32f4xx_hash.c...
compiling stm32f4xx_hash_md5.c...
compiling stm32f4xx_hash_sha1.c...
compiling stm32f4xx_pwr.c...
compiling stm32f4xx_iwdg.c...
compiling stm32f4xx_i2c.c...
compiling stm32f4xx_ltdc.c...
compiling stm32f4xx_rng.c...
compiling stm32f4xx_sdio.c...
compiling stm32f4xx_syscfg.c...
compiling stm32f4xx_spi.c...
compiling stm32f4xx_sai.c...
compiling stm32f4xx_rcc.c...
compiling stm32f4xx_rtc.c...
compiling delay.c...
compiling sys.c...
compiling stm32f4xx_wwdg.c...
compiling bsp_tim4.c...
compiling stm32f4xx_usart.c...
compiling stm32f4xx_tim.c...
compiling usart.c...
compiling mpu6050.c...
compiling myiic.c...
compiling pstwo.c...
compiling bsp_mecanum.c...
compiling oled.c...
..\HARDWARE\OLED\oled.c(461): warning:  #167-D: argument of type "uint8_t *" is incompatible with parameter of type "char *restrict"
      sprintf(Data,"%.2f",Fnum);                       //保??小?愫?3位小??印到Data??????
..\HARDWARE\OLED\oled.c: 1 warning, 0 errors
compiling inv_mpu_dmp_motion_driver.c...
compiling inv_mpu.c...
compiling bsp_exti.c...
compiling bsp_resetmcu.c...
linking...
Program Size: Code=26506 RO-data=11590 RW-data=180 ZI-data=2076  
FromELF: creating hex file...
"..\OBJ\Template.axf" - 0 Error(s), 1 Warning(s).

<h2>Collection of Component include folders:</h2>
  C:\Users\admin\Desktop\AAAAA\AAAAAA(步进电机版)\USER\RTE
  H:\keil5\ARM\PACK\Keil\STM32F4xx_DFP\2.17.0\Drivers\CMSIS\Device\ST\STM32F4xx\Include

<h2>Collection of Component Files used:</h2>
Build Time Elapsed:  00:00:13
</pre>
</body>
</html>
