Component: ARM Compiler 5.06 update 1 (build 61) Tool: armlink [4d35a8]

==============================================================================

Section Cross References

    main.o(i.ScreenDisplay) refers to oled.o(i.OLED_ShowString) for OLED_ShowString
    main.o(i.ScreenDisplay) refers to oled.o(i.OLED_ShowFNum) for OLED_ShowFNum
    main.o(i.ScreenDisplay) refers to oled.o(i.OLED_ShowNum) for OLED_ShowNum
    main.o(i.ScreenDisplay) refers to oled.o(i.OLED_Refresh) for OLED_Refresh
    main.o(i.judge_Dir_Speed) refers to stm32f4xx_tim.o(i.TIM_Cmd) for TIM_Cmd
    main.o(i.judge_Dir_Speed) refers to printfa.o(i.__0printf) for __2printf
    main.o(i.judge_Dir_Speed) refers to stm32f4xx_gpio.o(i.GPIO_ResetBits) for GPIO_ResetBits
    main.o(i.judge_Dir_Speed) refers to stm32f4xx_gpio.o(i.GPIO_SetBits) for GPIO_SetBits
    main.o(i.judge_Dir_Speed) refers to main.o(.data) for PS2_KEY
    main.o(i.main) refers to delay_1.o(i.delay_init) for delay_init
    main.o(i.main) refers to bsp_mecanum.o(i.MECANUM_Init) for MECANUM_Init
    main.o(i.main) refers to bsp_tim4_1.o(i.TIM_PWMOUTPUT_Config) for TIM_PWMOUTPUT_Config
    main.o(i.main) refers to bsp_exti.o(i.EXTI_MPU6050_Config) for EXTI_MPU6050_Config
    main.o(i.main) refers to usart.o(i.Debug_USART_Config) for Debug_USART_Config
    main.o(i.main) refers to oled.o(i.OLED_Init) for OLED_Init
    main.o(i.main) refers to pstwo.o(i.PS2_Init) for PS2_Init
    main.o(i.main) refers to pstwo.o(i.PS2_SetInit) for PS2_SetInit
    main.o(i.main) refers to bsp_resetmcu.o(i.TIM_Mode_Config) for TIM_Mode_Config
    main.o(i.main) refers to mpu6050.o(i.MPU_Init) for MPU_Init
    main.o(i.main) refers to printfa.o(i.__0printf) for __2printf
    main.o(i.main) refers to inv_mpu.o(i.mpu_dmp_init) for mpu_dmp_init
    main.o(i.main) refers to delay_1.o(i.delay_ms) for delay_ms
    main.o(i.main) refers to pstwo.o(i.PS2_Receive) for PS2_Receive
    main.o(i.main) refers to main.o(i.ScreenDisplay) for ScreenDisplay
    main.o(i.main) refers to main.o(i.judge_Dir_Speed) for judge_Dir_Speed
    main.o(i.main) refers to main.o(.data) for PS2_KEY
    system_stm32f4xx.o(i.SystemCoreClockUpdate) refers to system_stm32f4xx.o(.data) for SystemCoreClock
    system_stm32f4xx.o(i.SystemInit) refers to system_stm32f4xx.o(i.SetSysClock) for SetSysClock
    startup_stm32f40_41xxx.o(RESET) refers to startup_stm32f40_41xxx.o(STACK) for __initial_sp
    startup_stm32f40_41xxx.o(RESET) refers to startup_stm32f40_41xxx.o(.text) for Reset_Handler
    startup_stm32f40_41xxx.o(RESET) refers to stm32f4xx_it.o(i.NMI_Handler) for NMI_Handler
    startup_stm32f40_41xxx.o(RESET) refers to stm32f4xx_it.o(i.HardFault_Handler) for HardFault_Handler
    startup_stm32f40_41xxx.o(RESET) refers to stm32f4xx_it.o(i.MemManage_Handler) for MemManage_Handler
    startup_stm32f40_41xxx.o(RESET) refers to stm32f4xx_it.o(i.BusFault_Handler) for BusFault_Handler
    startup_stm32f40_41xxx.o(RESET) refers to stm32f4xx_it.o(i.UsageFault_Handler) for UsageFault_Handler
    startup_stm32f40_41xxx.o(RESET) refers to stm32f4xx_it.o(i.SVC_Handler) for SVC_Handler
    startup_stm32f40_41xxx.o(RESET) refers to stm32f4xx_it.o(i.DebugMon_Handler) for DebugMon_Handler
    startup_stm32f40_41xxx.o(RESET) refers to stm32f4xx_it.o(i.PendSV_Handler) for PendSV_Handler
    startup_stm32f40_41xxx.o(RESET) refers to stm32f4xx_it.o(i.SysTick_Handler) for SysTick_Handler
    startup_stm32f40_41xxx.o(RESET) refers to bsp_exti.o(i.EXTI9_5_IRQHandler) for EXTI9_5_IRQHandler
    startup_stm32f40_41xxx.o(RESET) refers to bsp_tim4_1.o(i.TIM4_IRQHandler) for TIM4_IRQHandler
    startup_stm32f40_41xxx.o(RESET) refers to bsp_resetmcu.o(i.TIM6_DAC_IRQHandler) for TIM6_DAC_IRQHandler
    startup_stm32f40_41xxx.o(.text) refers to system_stm32f4xx.o(i.SystemInit) for SystemInit
    startup_stm32f40_41xxx.o(.text) refers to entry.o(.ARM.Collect$$$$00000000) for __main
    stm32f4xx_adc.o(i.ADC_DeInit) refers to stm32f4xx_rcc.o(i.RCC_APB2PeriphResetCmd) for RCC_APB2PeriphResetCmd
    stm32f4xx_can.o(i.CAN_DeInit) refers to stm32f4xx_rcc.o(i.RCC_APB1PeriphResetCmd) for RCC_APB1PeriphResetCmd
    stm32f4xx_can.o(i.CAN_GetITStatus) refers to stm32f4xx_can.o(i.CheckITStatus) for CheckITStatus
    stm32f4xx_cryp.o(i.CRYP_DeInit) refers to stm32f4xx_rcc.o(i.RCC_AHB2PeriphResetCmd) for RCC_AHB2PeriphResetCmd
    stm32f4xx_cryp_aes.o(i.CRYP_AES_CBC) refers to stm32f4xx_cryp.o(i.CRYP_KeyStructInit) for CRYP_KeyStructInit
    stm32f4xx_cryp_aes.o(i.CRYP_AES_CBC) refers to stm32f4xx_cryp.o(i.CRYP_FIFOFlush) for CRYP_FIFOFlush
    stm32f4xx_cryp_aes.o(i.CRYP_AES_CBC) refers to stm32f4xx_cryp.o(i.CRYP_Init) for CRYP_Init
    stm32f4xx_cryp_aes.o(i.CRYP_AES_CBC) refers to stm32f4xx_cryp.o(i.CRYP_KeyInit) for CRYP_KeyInit
    stm32f4xx_cryp_aes.o(i.CRYP_AES_CBC) refers to stm32f4xx_cryp.o(i.CRYP_Cmd) for CRYP_Cmd
    stm32f4xx_cryp_aes.o(i.CRYP_AES_CBC) refers to stm32f4xx_cryp.o(i.CRYP_GetFlagStatus) for CRYP_GetFlagStatus
[...]
    i.OLED_Clear                             0x080013fc   Section        0  oled.o(i.OLED_Clear)
    i.OLED_DrawPoint                         0x0800142c   Section        0  oled.o(i.OLED_DrawPoint)
    i.OLED_Init                              0x080014a4   Section        0  oled.o(i.OLED_Init)
    i.OLED_Pow                               0x0800160c   Section        0  oled.o(i.OLED_Pow)
    i.OLED_Refresh                           0x08001624   Section        0  oled.o(i.OLED_Refresh)
    i.OLED_ShowChar                          0x0800168c   Section        0  oled.o(i.OLED_ShowChar)
    i.OLED_ShowFNum                          0x080017c8   Section        0  oled.o(i.OLED_ShowFNum)
    i.OLED_ShowNum                           0x0800181c   Section        0  oled.o(i.OLED_ShowNum)
    i.OLED_ShowString                        0x080018a8   Section        0  oled.o(i.OLED_ShowString)
    i.OLED_WR_Byte                           0x080018f2   Section        0  oled.o(i.OLED_WR_Byte)
    i.PS2_AnologData                         0x0800192c   Section        0  pstwo.o(i.PS2_AnologData)
    i.PS2_ClearData                          0x08001938   Section        0  pstwo.o(i.PS2_ClearData)
    i.PS2_Cmd                                0x08001950   Section        0  pstwo.o(i.PS2_Cmd)
    i.PS2_DataKey                            0x080019e0   Section        0  pstwo.o(i.PS2_DataKey)
    i.PS2_EnterConfing                       0x08001a34   Section        0  pstwo.o(i.PS2_EnterConfing)
    i.PS2_ExitConfing                        0x08001a90   Section        0  pstwo.o(i.PS2_ExitConfing)
    i.PS2_Init                               0x08001aec   Section        0  pstwo.o(i.PS2_Init)
    i.PS2_ReadData                           0x08001b4c   Section        0  pstwo.o(i.PS2_ReadData)
    i.PS2_Receive                            0x08001c00   Section        0  pstwo.o(i.PS2_Receive)
    i.PS2_SetInit                            0x08001c48   Section        0  pstwo.o(i.PS2_SetInit)
    i.PS2_ShortPoll                          0x08001c64   Section        0  pstwo.o(i.PS2_ShortPoll)
    i.PS2_TurnOnAnalogMode                   0x08001ca8   Section        0  pstwo.o(i.PS2_TurnOnAnalogMode)
    i.PendSV_Handler                         0x08001d00   Section        0  stm32f4xx_it.o(i.PendSV_Handler)
    i.RCC_AHB1PeriphClockCmd                 0x08001d04   Section        0  stm32f4xx_rcc.o(i.RCC_AHB1PeriphClockCmd)
    i.RCC_APB1PeriphClockCmd                 0x08001d24   Section        0  stm32f4xx_rcc.o(i.RCC_APB1PeriphClockCmd)
    i.RCC_APB2PeriphClockCmd                 0x08001d44   Section        0  stm32f4xx_rcc.o(i.RCC_APB2PeriphClockCmd)
    i.RCC_GetClocksFreq                      0x08001d64   Section        0  stm32f4xx_rcc.o(i.RCC_GetClocksFreq)
    i.SVC_Handler                            0x08001e4c   Section        0  stm32f4xx_it.o(i.SVC_Handler)
    i.SYSCFG_EXTILineConfig                  0x08001e50   Section        0  stm32f4xx_syscfg.o(i.SYSCFG_EXTILineConfig)
    i.ScreenDisplay                          0x08001e90   Section        0  main.o(i.ScreenDisplay)
    i.Send_Byte                              0x08001fc8   Section        0  oled.o(i.Send_Byte)
    i.SetSysClock                            0x0800201c   Section        0  system_stm32f4xx.o(i.SetSysClock)
    SetSysClock                              0x0800201d   Thumb Code   220  system_stm32f4xx.o(i.SetSysClock)
    i.SysTick_CLKSourceConfig                0x08002108   Section        0  misc.o(i.SysTick_CLKSourceConfig)
    i.SysTick_Handler                        0x08002130   Section        0  stm32f4xx_it.o(i.SysTick_Handler)
    i.SystemInit                             0x08002134   Section        0  system_stm32f4xx.o(i.SystemInit)
    i.TIM4_IRQHandler                        0x080021ac   Section        0  bsp_tim4_1.o(i.TIM4_IRQHandler)
    i.TIM6_DAC_IRQHandler                    0x08002268   Section        0  bsp_resetmcu.o(i.TIM6_DAC_IRQHandler)
    i.TIM_ClearFlag                          0x08002288   Section        0  stm32f4xx_tim.o(i.TIM_ClearFlag)
    i.TIM_ClearITPendingBit                  0x0800228e   Section        0  stm32f4xx_tim.o(i.TIM_ClearITPendingBit)
    i.TIM_Cmd                                0x08002294   Section        0  stm32f4xx_tim.o(i.TIM_Cmd)
    i.TIM_GetCapture1                        0x080022ac   Section        0  stm32f4xx_tim.o(i.TIM_GetCapture1)
    i.TIM_GetCapture2                        0x080022b2   Section        0  stm32f4xx_tim.o(i.TIM_GetCapture2)
    i.TIM_GetCapture3                        0x080022b8   Section        0  stm32f4xx_tim.o(i.TIM_GetCapture3)
    i.TIM_GetCapture4                        0x080022be   Section        0  stm32f4xx_tim.o(i.TIM_GetCapture4)
    i.TIM_GetITStatus                        0x080022c4   Section        0  stm32f4xx_tim.o(i.TIM_GetITStatus)
    i.TIM_ITConfig                           0x080022e6   Section        0  stm32f4xx_tim.o(i.TIM_ITConfig)
    i.TIM_Mode_Config                        0x080022f8   Section        0  bsp_resetmcu.o(i.TIM_Mode_Config)
    i.TIM_OC1Init                            0x0800233c   Section        0  stm32f4xx_tim.o(i.TIM_OC1Init)
    i.TIM_OC1PreloadConfig                   0x080023b8   Section        0  stm32f4xx_tim.o(i.TIM_OC1PreloadConfig)
    i.TIM_OC2Init                            0x080023cc   Section        0  stm32f4xx_tim.o(i.TIM_OC2Init)
    i.TIM_OC2PreloadConfig                   0x08002470   Section        0  stm32f4xx_tim.o(i.TIM_OC2PreloadConfig)
    i.TIM_OC3Init                            0x0800248c   Section        0  stm32f4xx_tim.o(i.TIM_OC3Init)
    i.TIM_OC3PreloadConfig                   0x0800252c   Section        0  stm32f4xx_tim.o(i.TIM_OC3PreloadConfig)
    i.TIM_OC4Init                            0x08002540   Section        0  stm32f4xx_tim.o(i.TIM_OC4Init)
    i.TIM_OC4PreloadConfig                   0x080025b8   Section        0  stm32f4xx_tim.o(i.TIM_OC4PreloadConfig)
    i.TIM_OCStructInit                       0x080025d2   Section        0  stm32f4xx_tim.o(i.TIM_OCStructInit)
    i.TIM_PWMOUTPUT_Config                   0x080025e8   Section        0  bsp_tim4_1.o(i.TIM_PWMOUTPUT_Config)
    i.TIM_SetCompare1                        0x08002744   Section        0  stm32f4xx_tim.o(i.TIM_SetCompare1)
    i.TIM_SetCompare2                        0x08002748   Section        0  stm32f4xx_tim.o(i.TIM_SetCompare2)
    i.TIM_SetCompare3                        0x0800274c   Section        0  stm32f4xx_tim.o(i.TIM_SetCompare3)
    i.TIM_SetCompare4                        0x08002750   Section        0  stm32f4xx_tim.o(i.TIM_SetCompare4)
    i.TIM_TimeBaseInit                       0x08002754   Section        0  stm32f4xx_tim.o(i.TIM_TimeBaseInit)
    i.TIMx_NVIC_Configuration                0x080027d8   Section        0  bsp_resetmcu.o(i.TIMx_NVIC_Configuration)
    TIMx_NVIC_Configuration                  0x080027d9   Thumb Code    42  bsp_resetmcu.o(i.TIMx_NVIC_Configuration)
    i.USART_Cmd                              0x08002802   Section        0  stm32f4xx_usart.o(i.USART_Cmd)
    i.USART_GetFlagStatus                    0x0800281a   Section        0  stm32f4xx_usart.o(i.USART_GetFlagStatus)
    i.USART_ITConfig                         0x08002834   Section        0  stm32f4xx_usart.o(i.USART_ITConfig)
    i.USART_Init                             0x08002880   Section        0  stm32f4xx_usart.o(i.USART_Init)
    i.USART_SendData                         0x08002954   Section        0  stm32f4xx_usart.o(i.USART_SendData)
    i.UsageFault_Handler                     0x0800295c   Section        0  stm32f4xx_it.o(i.UsageFault_Handler)
    i.Usart_SendByte                         0x08002960   Section        0  usart.o(i.Usart_SendByte)
    i.__0printf                              0x08002980   Section        0  printfa.o(i.__0printf)
    i.__0sprintf                             0x080029a0   Section        0  printfa.o(i.__0sprintf)
    i.__ARM_fpclassify                       0x080029c8   Section        0  fpclassify.o(i.__ARM_fpclassify)
    i.__hardfp_asin                          0x080029f8   Section        0  asin.o(i.__hardfp_asin)
    i.__hardfp_atan                          0x08002d58   Section        0  atan.o(i.__hardfp_atan)
    i.__hardfp_atan2                         0x08003030   Section        0  atan2.o(i.__hardfp_atan2)
    i.__kernel_poly                          0x08003220   Section        0  poly.o(i.__kernel_poly)
    i.__mathlib_dbl_infnan                   0x08003318   Section        0  dunder.o(i.__mathlib_dbl_infnan)
    i.__mathlib_dbl_infnan2                  0x0800332c   Section        0  dunder.o(i.__mathlib_dbl_infnan2)
    i.__mathlib_dbl_invalid                  0x08003340   Section        0  dunder.o(i.__mathlib_dbl_invalid)
    i.__mathlib_dbl_underflow                0x08003360   Section        0  dunder.o(i.__mathlib_dbl_underflow)
    i.__scatterload_copy                     0x08003380   Section       14  handlers.o(i.__scatterload_copy)
    i.__scatterload_null                     0x0800338e   Section        2  handlers.o(i.__scatterload_null)
    i.__scatterload_zeroinit                 0x08003390   Section       14  handlers.o(i.__scatterload_zeroinit)
    i.__set_errno                            0x080033a0   Section        0  errno.o(i.__set_errno)
    i._fp_digits                             0x080033ac   Section        0  printfa.o(i._fp_digits)
    _fp_digits                               0x080033ad   Thumb Code   334  printfa.o(i._fp_digits)
    i._printf_core                           0x08003510   Section        0  printfa.o(i._printf_core)
    _printf_core                             0x08003511   Thumb Code  1744  printfa.o(i._printf_core)
    i._printf_post_padding                   0x08003bec   Section        0  printfa.o(i._printf_post_padding)
    _printf_post_padding                     0x08003bed   Thumb Code    36  printfa.o(i._printf_post_padding)
    i._printf_pre_padding                    0x08003c10   Section        0  printfa.o(i._printf_pre_padding)
    _printf_pre_padding                      0x08003c11   Thumb Code    46  printfa.o(i._printf_pre_padding)
    i._sputc                                 0x08003c3e   Section        0  printfa.o(i._sputc)
    _sputc                                   0x08003c3f   Thumb Code    10  printfa.o(i._sputc)
    i.accel_self_test                        0x08003c48   Section        0  inv_mpu.o(i.accel_self_test)
    accel_self_test                          0x08003c49   Thumb Code   182  inv_mpu.o(i.accel_self_test)
    i.atan                                   0x08003d08   Section        0  atan.o(i.atan)
    i.decode_gesture                         0x08003d18   Section        0  inv_mpu_dmp_motion_driver.o(i.decode_gesture)
    decode_gesture                           0x08003d19   Thumb Code    94  inv_mpu_dmp_motion_driver.o(i.decode_gesture)
    i.delay_init                             0x08003d7c   Section        0  delay_1.o(i.delay_init)
    i.delay_ms                               0x08003db8   Section        0  delay_1.o(i.delay_ms)
    i.delay_us                               0x08003df0   Section        0  delay_1.o(i.delay_us)
    i.delay_xms                              0x08003e3c   Section        0  delay_1.o(i.delay_xms)
    i.dmp_enable_6x_lp_quat                  0x08003e88   Section        0  inv_mpu_dmp_motion_driver.o(i.dmp_enable_6x_lp_quat)
    i.dmp_enable_feature                     0x08003ec4   Section        0  inv_mpu_dmp_motion_driver.o(i.dmp_enable_feature)
    i.dmp_enable_gyro_cal                    0x080040e0   Section        0  inv_mpu_dmp_motion_driver.o(i.dmp_enable_gyro_cal)
    i.dmp_enable_lp_quat                     0x08004138   Section        0  inv_mpu_dmp_motion_driver.o(i.dmp_enable_lp_quat)
    i.dmp_load_motion_driver_firmware        0x08004174   Section        0  inv_mpu_dmp_motion_driver.o(i.dmp_load_motion_driver_firmware)
    i.dmp_read_fifo                          0x0800418c   Section        0  inv_mpu_dmp_motion_driver.o(i.dmp_read_fifo)
    i.dmp_set_accel_bias                     0x08004358   Section        0  inv_mpu_dmp_motion_driver.o(i.dmp_set_accel_bias)
    i.dmp_set_fifo_rate                      0x08004488   Section        0  inv_mpu_dmp_motion_driver.o(i.dmp_set_fifo_rate)
    i.dmp_set_gyro_bias                      0x080044f8   Section        0  inv_mpu_dmp_motion_driver.o(i.dmp_set_gyro_bias)
    i.dmp_set_orientation                    0x08004628   Section        0  inv_mpu_dmp_motion_driver.o(i.dmp_set_orientation)
    i.dmp_set_shake_reject_thresh            0x08004760   Section        0  inv_mpu_dmp_motion_driver.o(i.dmp_set_shake_reject_thresh)
    i.dmp_set_shake_reject_time              0x08004798   Section        0  inv_mpu_dmp_motion_driver.o(i.dmp_set_shake_reject_time)
    i.dmp_set_shake_reject_timeout           0x080047be   Section        0  inv_mpu_dmp_motion_driver.o(i.dmp_set_shake_reject_timeout)
    i.dmp_set_tap_axes                       0x080047e4   Section        0  inv_mpu_dmp_motion_driver.o(i.dmp_set_tap_axes)
    i.dmp_set_tap_count                      0x0800482a   Section        0  inv_mpu_dmp_motion_driver.o(i.dmp_set_tap_count)
    i.dmp_set_tap_thresh                     0x08004850   Section        0  inv_mpu_dmp_motion_driver.o(i.dmp_set_tap_thresh)
    i.dmp_set_tap_time                       0x08004a10   Section        0  inv_mpu_dmp_motion_driver.o(i.dmp_set_tap_time)
    i.dmp_set_tap_time_multi                 0x08004a36   Section        0  inv_mpu_dmp_motion_driver.o(i.dmp_set_tap_time_multi)
    i.fabs                                   0x08004a5c   Section        0  fabs.o(i.fabs)
    i.fputc                                  0x08004a74   Section        0  usart.o(i.fputc)
    i.get_accel_prod_shift                   0x08004a90   Section        0  inv_mpu.o(i.get_accel_prod_shift)
    get_accel_prod_shift                     0x08004a91   Thumb Code   190  inv_mpu.o(i.get_accel_prod_shift)
    i.get_st_biases                          0x08004b60   Section        0  inv_mpu.o(i.get_st_biases)
    get_st_biases                            0x08004b61   Thumb Code  1132  inv_mpu.o(i.get_st_biases)
    i.gyro_self_test                         0x08004fd0   Section        0  inv_mpu.o(i.gyro_self_test)
    gyro_self_test                           0x08004fd1   Thumb Code   262  inv_mpu.o(i.gyro_self_test)
    i.inv_orientation_matrix_to_scalar       0x080050ec   Section        0  inv_mpu.o(i.inv_orientation_matrix_to_scalar)
    i.inv_row_2_scale                        0x08005114   Section        0  inv_mpu.o(i.inv_row_2_scale)
    i.judge_Dir_Speed                        0x08005164   Section        0  main.o(i.judge_Dir_Speed)
    i.main                                   0x080052fc   Section        0  main.o(i.main)
    i.mget_ms                                0x080053a8   Section        0  inv_mpu.o(i.mget_ms)
    i.mpu_configure_fifo                     0x080053ac   Section        0  inv_mpu.o(i.mpu_configure_fifo)
    i.mpu_dmp_get_data                       0x0800541c   Section        0  inv_mpu.o(i.mpu_dmp_get_data)
    i.mpu_dmp_init                           0x08005634   Section        0  inv_mpu.o(i.mpu_dmp_init)
    i.mpu_get_accel_fsr                      0x080056c8   Section        0  inv_mpu.o(i.mpu_get_accel_fsr)
    i.mpu_get_accel_sens                     0x08005714   Section        0  inv_mpu.o(i.mpu_get_accel_sens)
    i.mpu_get_fifo_config                    0x08005768   Section        0  inv_mpu.o(i.mpu_get_fifo_config)
    i.mpu_get_gyro_fsr                       0x08005778   Section        0  inv_mpu.o(i.mpu_get_gyro_fsr)
    i.mpu_get_gyro_sens                      0x080057bc   Section        0  inv_mpu.o(i.mpu_get_gyro_sens)
    i.mpu_get_lpf                            0x0800581c   Section        0  inv_mpu.o(i.mpu_get_lpf)
    i.mpu_get_sample_rate                    0x0800586c   Section        0  inv_mpu.o(i.mpu_get_sample_rate)
    i.mpu_init                               0x0800588c   Section        0  inv_mpu.o(i.mpu_init)
    i.mpu_load_firmware                      0x08005a7c   Section        0  inv_mpu.o(i.mpu_load_firmware)
    i.mpu_lp_accel_mode                      0x08005b34   Section        0  inv_mpu.o(i.mpu_lp_accel_mode)
    i.mpu_read_fifo_stream                   0x08005c14   Section        0  inv_mpu.o(i.mpu_read_fifo_stream)
    i.mpu_read_mem                           0x08005cd4   Section        0  inv_mpu.o(i.mpu_read_mem)
    i.mpu_reset_fifo                         0x08005d54   Section        0  inv_mpu.o(i.mpu_reset_fifo)
    i.mpu_run_self_test                      0x08005f1c   Section        0  inv_mpu.o(i.mpu_run_self_test)
    i.mpu_set_accel_fsr                      0x08006038   Section        0  inv_mpu.o(i.mpu_set_accel_fsr)
    i.mpu_set_bypass                         0x080060bc   Section        0  inv_mpu.o(i.mpu_set_bypass)
    i.mpu_set_dmp_state                      0x08006208   Section        0  inv_mpu.o(i.mpu_set_dmp_state)
    i.mpu_set_gyro_fsr                       0x08006298   Section        0  inv_mpu.o(i.mpu_set_gyro_fsr)
    i.mpu_set_int_latched                    0x08006320   Section        0  inv_mpu.o(i.mpu_set_int_latched)
    i.mpu_set_lpf                            0x0800638c   Section        0  inv_mpu.o(i.mpu_set_lpf)
    i.mpu_set_sample_rate                    0x08006410   Section        0  inv_mpu.o(i.mpu_set_sample_rate)
    i.mpu_set_sensors                        0x080064ac   Section        0  inv_mpu.o(i.mpu_set_sensors)
    i.mpu_write_mem                          0x0800657c   Section        0  inv_mpu.o(i.mpu_write_mem)
    i.pack_send_data                         0x080065fc   Section        0  usart.o(i.pack_send_data)
    i.run_self_test                          0x08006750   Section        0  inv_mpu.o(i.run_self_test)
    i.sendData                               0x080067ec   Section        0  usart.o(i.sendData)
    i.set_int_enable                         0x0800680c   Section        0  inv_mpu.o(i.set_int_enable)
    set_int_enable                           0x0800680d   Thumb Code   138  inv_mpu.o(i.set_int_enable)
    i.sqrt                                   0x0800689c   Section        0  sqrt.o(i.sqrt)
    .constdata                               0x0800690a   Section     7696  oled.o(.constdata)
    .constdata                               0x0800871c   Section       80  inv_mpu.o(.constdata)
    .constdata                               0x0800876c   Section     3062  inv_mpu_dmp_motion_driver.o(.constdata)
    dmp_memory                               0x0800876c   Data        3062  inv_mpu_dmp_motion_driver.o(.constdata)
    .constdata                               0x08009368   Section       80  asin.o(.constdata)
    pS                                       0x08009368   Data          48  asin.o(.constdata)
    qS                                       0x08009398   Data          32  asin.o(.constdata)
    .constdata                               0x080093b8   Section      152  atan.o(.constdata)
    atanhi                                   0x080093b8   Data          32  atan.o(.constdata)
    atanlo                                   0x080093d8   Data          32  atan.o(.constdata)
    aTodd                                    0x080093f8   Data          40  atan.o(.constdata)
    aTeven                                   0x08009420   Data          48  atan.o(.constdata)
    .constdata                               0x08009450   Section        8  qnan.o(.constdata)
    .conststring                             0x08009458   Section       77  inv_mpu.o(.conststring)
    .data                                    0x20000000   Section       60  main.o(.data)
    .data                                    0x2000003c   Section       16  stm32f4xx_rcc.o(.data)
    APBAHBPrescTable                         0x2000003c   Data          16  stm32f4xx_rcc.o(.data)
    .data                                    0x2000004c   Section        4  delay_1.o(.data)
    fac_us                                   0x2000004c   Data           1  delay_1.o(.data)
    fac_ms                                   0x2000004e   Data           2  delay_1.o(.data)
    .data                                    0x20000050   Section       53  inv_mpu.o(.data)
    st                                       0x20000050   Data          44  inv_mpu.o(.data)
    gyro_orientation                         0x2000007c   Data           9  inv_mpu.o(.data)
    .data                                    0x20000086   Section       36  pstwo.o(.data)
    .data                                    0x200000ac   Section        4  stdout.o(.data)
    .data                                    0x200000b0   Section        4  errno.o(.data)
    _errno                                   0x200000b0   Data           4  errno.o(.data)
    .bss                                     0x200000b4   Section     1024  oled.o(.bss)
    .bss                                     0x200004b4   Section       16  inv_mpu_dmp_motion_driver.o(.bss)
    dmp                                      0x200004b4   Data          16  inv_mpu_dmp_motion_driver.o(.bss)
    .bss                                     0x200004c4   Section        9  pstwo.o(.bss)
    STACK                                    0x200004d0   Section     1024  startup_stm32f40_41xxx.o(STACK)

    Global Symbols

    Symbol Name                              Value     Ov Type        Size  Object(Section)

    BuildAttributes$$THM_ISAv4$E$P$D$K$B$S$7EM$VFPi3$EXTD16$VFPS$VFMA$PE$A:L22UL41UL21$X:L11$S22US41US21$IEEE1$IW$USESV6$~STKCKD$USESV7$~SHL$OTIME$ROPI$IEEEX$EBA8$MICROLIB$REQ8$PRES8$EABIv2 0x00000000   Number         0  anon$$obj.o ABSOLUTE
    __ARM_use_no_argv                        0x00000000   Number         0  main.o ABSOLUTE
    _printf_a                                0x00000000   Number         0  stubs.o ABSOLUTE
    _printf_c                                0x00000000   Number         0  stubs.o ABSOLUTE
    _printf_charcount                        0x00000000   Number         0  stubs.o ABSOLUTE
    _printf_d                                0x00000000   Number         0  stubs.o ABSOLUTE
    _printf_e                                0x00000000   Number         0  stubs.o ABSOLUTE
    _printf_f                                0x00000000   Number         0  stubs.o ABSOLUTE
    _printf_flags                            0x00000000   Number         0  stubs.o ABSOLUTE
    _printf_fp_dec                           0x00000000   Number         0  stubs.o ABSOLUTE
    _printf_fp_hex                           0x00000000   Number         0  stubs.o ABSOLUTE
    _printf_g                                0x00000000   Number         0  stubs.o ABSOLUTE
    _printf_i                                0x00000000   Number         0  stubs.o ABSOLUTE
    _printf_int_dec                          0x00000000   Number         0  stubs.o ABSOLUTE
    _printf_l                                0x00000000   Number         0  stubs.o ABSOLUTE
    _printf_lc                               0x00000000   Number         0  stubs.o ABSOLUTE
    _printf_ll                               0x00000000   Number         0  stubs.o ABSOLUTE
    _printf_lld                              0x00000000   Number         0  stubs.o ABSOLUTE
    _printf_lli                              0x00000000   Number         0  stubs.o ABSOLUTE
    _printf_llo                              0x00000000   Number         0  stubs.o ABSOLUTE
    _printf_llu                              0x00000000   Number         0  stubs.o ABSOLUTE
    _printf_llx                              0x00000000   Number         0  stubs.o ABSOLUTE
    _printf_longlong_dec                     0x00000000   Number         0  stubs.o ABSOLUTE
    _printf_longlong_hex                     0x00000000   Number         0  stubs.o ABSOLUTE
    _printf_longlong_oct                     0x00000000   Number         0  stubs.o ABSOLUTE
    _printf_ls                               0x00000000   Number         0  stubs.o ABSOLUTE
    _printf_mbtowc                           0x00000000   Number         0  stubs.o ABSOLUTE
    _printf_n                                0x00000000   Number         0  stubs.o ABSOLUTE
    _printf_o                                0x00000000   Number         0  stubs.o ABSOLUTE
    _printf_p                                0x00000000   Number         0  stubs.o ABSOLUTE
    _printf_percent                          0x00000000   Number         0  stubs.o ABSOLUTE
    _printf_pre_padding                      0x00000000   Number         0  stubs.o ABSOLUTE
    _printf_return_value                     0x00000000   Number         0  stubs.o ABSOLUTE
    _printf_s                                0x00000000   Number         0  stubs.o ABSOLUTE
    _printf_sizespec                         0x00000000   Number         0  stubs.o ABSOLUTE
    _printf_str                              0x00000000   Number         0  stubs.o ABSOLUTE
    _printf_truncate_signed                  0x00000000   Number         0  stubs.o ABSOLUTE
    _printf_truncate_unsigned                0x00000000   Number         0  stubs.o ABSOLUTE
    _printf_u                                0x00000000   Number         0  stubs.o ABSOLUTE
    _printf_wc                               0x00000000   Number         0  stubs.o ABSOLUTE
    _printf_wctomb                           0x00000000   Number         0  stubs.o ABSOLUTE
    _printf_widthprec                        0x00000000   Number         0  stubs.o ABSOLUTE
    _printf_x                                0x00000000   Number         0  stubs.o ABSOLUTE
    __cpp_initialize__aeabi_                  - Undefined Weak Reference
    __cxa_finalize                            - Undefined Weak Reference
    __decompress                              - Undefined Weak Reference
    _clock_init                               - Undefined Weak Reference
    _microlib_exit                            - Undefined Weak Reference
    __Vectors_Size                           0x00000188   Number         0  startup_stm32f40_41xxx.o ABSOLUTE
    __Vectors                                0x08000000   Data           4  startup_stm32f40_41xxx.o(RESET)
    __Vectors_End                            0x08000188   Data           0  startup_stm32f40_41xxx.o(RESET)
    __main                                   0x08000189   Thumb Code     0  entry.o(.ARM.Collect$$$$00000000)
    _main_stk                                0x08000189   Thumb Code     0  entry2.o(.ARM.Collect$$$$00000001)
    _main_scatterload                        0x0800018d   Thumb Code     0  entry5.o(.ARM.Collect$$$$00000004)
    __main_after_scatterload                 0x08000191   Thumb Code     0  entry5.o(.ARM.Collect$$$$00000004)
    _main_clock                              0x08000191   Thumb Code     0  entry7b.o(.ARM.Collect$$$$00000008)
    _main_cpp_init                           0x08000191   Thumb Code     0  entry8b.o(.ARM.Collect$$$$0000000A)
    _main_init                               0x08000191   Thumb Code     0  entry9a.o(.ARM.Collect$$$$0000000B)
    __rt_final_cpp                           0x08000199   Thumb Code     0  entry10a.o(.ARM.Collect$$$$0000000D)
    __rt_final_exit                          0x08000199   Thumb Code     0  entry11a.o(.ARM.Collect$$$$0000000F)
    Reset_Handler                            0x0800019d   Thumb Code     8  startup_stm32f40_41xxx.o(.text)
    ADC_IRQHandler                           0x080001b7   Thumb Code     0  startup_stm32f40_41xxx.o(.text)
    CAN1_RX0_IRQHandler                      0x080001b7   Thumb Code     0  startup_stm32f40_41xxx.o(.text)
    CAN1_RX1_IRQHandler                      0x080001b7   Thumb Code     0  startup_stm32f40_41xxx.o(.text)
    CAN1_SCE_IRQHandler                      0x080001b7   Thumb Code     0  startup_stm32f40_41xxx.o(.text)
    CAN1_TX_IRQHandler                       0x080001b7   Thumb Code     0  startup_stm32f40_41xxx.o(.text)
    CAN2_RX0_IRQHandler                      0x080001b7   Thumb Code     0  startup_stm32f40_41xxx.o(.text)
    CAN2_RX1_IRQHandler                      0x080001b7   Thumb Code     0  startup_stm32f40_41xxx.o(.text)
    CAN2_SCE_IRQHandler                      0x080001b7   Thumb Code     0  startup_stm32f40_41xxx.o(.text)
    CAN2_TX_IRQHandler                       0x080001b7   Thumb Code     0  startup_stm32f40_41xxx.o(.text)
    CRYP_IRQHandler                          0x080001b7   Thumb Code     0  startup_stm32f40_41xxx.o(.text)
    DCMI_IRQHandler                          0x080001b7   Thumb Code     0  startup_stm32f40_41xxx.o(.text)
    DMA1_Stream0_IRQHandler                  0x080001b7   Thumb Code     0  startup_stm32f40_41xxx.o(.text)
    DMA1_Stream1_IRQHandler                  0x080001b7   Thumb Code     0  startup_stm32f40_41xxx.o(.text)
    DMA1_Stream2_IRQHandler                  0x080001b7   Thumb Code     0  startup_stm32f40_41xxx.o(.text)
    DMA1_Stream3_IRQHandler                  0x080001b7   Thumb Code     0  startup_stm32f40_41xxx.o(.text)
    DMA1_Stream4_IRQHandler                  0x080001b7   Thumb Code     0  startup_stm32f40_41xxx.o(.text)
    DMA1_Stream5_IRQHandler                  0x080001b7   Thumb Code     0  startup_stm32f40_41xxx.o(.text)
    DMA1_Stream6_IRQHandler                  0x080001b7   Thumb Code     0  startup_stm32f40_41xxx.o(.text)
    DMA1_Stream7_IRQHandler                  0x080001b7   Thumb Code     0  startup_stm32f40_41xxx.o(.text)
    DMA2_Stream0_IRQHandler                  0x080001b7   Thumb Code     0  startup_stm32f40_41xxx.o(.text)
    DMA2_Stream1_IRQHandler                  0x080001b7   Thumb Code     0  startup_stm32f40_41xxx.o(.text)
    DMA2_Stream2_IRQHandler                  0x080001b7   Thumb Code     0  startup_stm32f40_41xxx.o(.text)
    DMA2_Stream3_IRQHandler                  0x080001b7   Thumb Code     0  startup_stm32f40_41xxx.o(.text)
    DMA2_Stream4_IRQHandler                  0x080001b7   Thumb Code     0  startup_stm32f40_41xxx.o(.text)
    DMA2_Stream5_IRQHandler                  0x080001b7   Thumb Code     0  startup_stm32f40_41xxx.o(.text)
    DMA2_Stream6_IRQHandler                  0x080001b7   Thumb Code     0  startup_stm32f40_41xxx.o(.text)
    DMA2_Stream7_IRQHandler                  0x080001b7   Thumb Code     0  startup_stm32f40_41xxx.o(.text)
    ETH_IRQHandler                           0x080001b7   Thumb Code     0  startup_stm32f40_41xxx.o(.text)
    ETH_WKUP_IRQHandler                      0x080001b7   Thumb Code     0  startup_stm32f40_41xxx.o(.text)
    EXTI0_IRQHandler                         0x080001b7   Thumb Code     0  startup_stm32f40_41xxx.o(.text)
    EXTI15_10_IRQHandler                     0x080001b7   Thumb Code     0  startup_stm32f40_41xxx.o(.text)
    EXTI1_IRQHandler                         0x080001b7   Thumb Code     0  startup_stm32f40_41xxx.o(.text)
    EXTI2_IRQHandler                         0x080001b7   Thumb Code     0  startup_stm32f40_41xxx.o(.text)
    EXTI3_IRQHandler                         0x080001b7   Thumb Code     0  startup_stm32f40_41xxx.o(.text)
    EXTI4_IRQHandler                         0x080001b7   Thumb Code     0  startup_stm32f40_41xxx.o(.text)
    FLASH_IRQHandler                         0x080001b7   Thumb Code     0  startup_stm32f40_41xxx.o(.text)
    FPU_IRQHandler                           0x080001b7   Thumb Code     0  startup_stm32f40_41xxx.o(.text)
    FSMC_IRQHandler                          0x080001b7   Thumb Code     0  startup_stm32f40_41xxx.o(.text)
    HASH_RNG_IRQHandler                      0x080001b7   Thumb Code     0  startup_stm32f40_41xxx.o(.text)
    I2C1_ER_IRQHandler                       0x080001b7   Thumb Code     0  startup_stm32f40_41xxx.o(.text)
    I2C1_EV_IRQHandler                       0x080001b7   Thumb Code     0  startup_stm32f40_41xxx.o(.text)
    I2C2_ER_IRQHandler                       0x080001b7   Thumb Code     0  startup_stm32f40_41xxx.o(.text)
    I2C2_EV_IRQHandler                       0x080001b7   Thumb Code     0  startup_stm32f40_41xxx.o(.text)
    I2C3_ER_IRQHandler                       0x080001b7   Thumb Code     0  startup_stm32f40_41xxx.o(.text)
    I2C3_EV_IRQHandler                       0x080001b7   Thumb Code     0  startup_stm32f40_41xxx.o(.text)
    OTG_FS_IRQHandler                        0x080001b7   Thumb Code     0  startup_stm32f40_41xxx.o(.text)
    OTG_FS_WKUP_IRQHandler                   0x080001b7   Thumb Code     0  startup_stm32f40_41xxx.o(.text)
    OTG_HS_EP1_IN_IRQHandler                 0x080001b7   Thumb Code     0  startup_stm32f40_41xxx.o(.text)
    OTG_HS_EP1_OUT_IRQHandler                0x080001b7   Thumb Code     0  startup_stm32f40_41xxx.o(.text)
    OTG_HS_IRQHandler                        0x080001b7   Thumb Code     0  startup_stm32f40_41xxx.o(.text)
    OTG_HS_WKUP_IRQHandler                   0x080001b7   Thumb Code     0  startup_stm32f40_41xxx.o(.text)
    PVD_IRQHandler                           0x080001b7   Thumb Code     0  startup_stm32f40_41xxx.o(.text)
    RCC_IRQHandler                           0x080001b7   Thumb Code     0  startup_stm32f40_41xxx.o(.text)
    RTC_Alarm_IRQHandler                     0x080001b7   Thumb Code     0  startup_stm32f40_41xxx.o(.text)
    RTC_WKUP_IRQHandler                      0x080001b7   Thumb Code     0  startup_stm32f40_41xxx.o(.text)
    SDIO_IRQHandler                          0x080001b7   Thumb Code     0  startup_stm32f40_41xxx.o(.text)
    SPI1_IRQHandler                          0x080001b7   Thumb Code     0  startup_stm32f40_41xxx.o(.text)
    SPI2_IRQHandler                          0x080001b7   Thumb Code     0  startup_stm32f40_41xxx.o(.text)
    SPI3_IRQHandler                          0x080001b7   Thumb Code     0  startup_stm32f40_41xxx.o(.text)
    TAMP_STAMP_IRQHandler                    0x080001b7   Thumb Code     0  startup_stm32f40_41xxx.o(.text)
    TIM1_BRK_TIM9_IRQHandler                 0x080001b7   Thumb Code     0  startup_stm32f40_41xxx.o(.text)
    TIM1_CC_IRQHandler                       0x080001b7   Thumb Code     0  startup_stm32f40_41xxx.o(.text)
    TIM1_TRG_COM_TIM11_IRQHandler            0x080001b7   Thumb Code     0  startup_stm32f40_41xxx.o(.text)
    TIM1_UP_TIM10_IRQHandler                 0x080001b7   Thumb Code     0  startup_stm32f40_41xxx.o(.text)
    TIM2_IRQHandler                          0x080001b7   Thumb Code     0  startup_stm32f40_41xxx.o(.text)
    TIM3_IRQHandler                          0x080001b7   Thumb Code     0  startup_stm32f40_41xxx.o(.text)
    TIM5_IRQHandler                          0x080001b7   Thumb Code     0  startup_stm32f40_41xxx.o(.text)
    TIM7_IRQHandler                          0x080001b7   Thumb Code     0  startup_stm32f40_41xxx.o(.text)
    TIM8_BRK_TIM12_IRQHandler                0x080001b7   Thumb Code     0  startup_stm32f40_41xxx.o(.text)
    TIM8_CC_IRQHandler                       0x080001b7   Thumb Code     0  startup_stm32f40_41xxx.o(.text)
    TIM8_TRG_COM_TIM14_IRQHandler            0x080001b7   Thumb Code     0  startup_stm32f40_41xxx.o(.text)
    TIM8_UP_TIM13_IRQHandler                 0x080001b7   Thumb Code     0  startup_stm32f40_41xxx.o(.text)
    UART4_IRQHandler                         0x080001b7   Thumb Code     0  startup_stm32f40_41xxx.o(.text)
    UART5_IRQHandler                         0x080001b7   Thumb Code     0  startup_stm32f40_41xxx.o(.text)
    USART1_IRQHandler                        0x080001b7   Thumb Code     0  startup_stm32f40_41xxx.o(.text)
    USART2_IRQHandler                        0x080001b7   Thumb Code     0  startup_stm32f40_41xxx.o(.text)
    USART3_IRQHandler                        0x080001b7   Thumb Code     0  startup_stm32f40_41xxx.o(.text)
    USART6_IRQHandler                        0x080001b7   Thumb Code     0  startup_stm32f40_41xxx.o(.text)
    WWDG_IRQHandler                          0x080001b7   Thumb Code     0  startup_stm32f40_41xxx.o(.text)
    __aeabi_ldivmod                          0x080001c1   Thumb Code    98  ldiv.o(.text)
    __aeabi_memset                           0x08000223   Thumb Code    14  memseta.o(.text)
    __aeabi_memset4                          0x08000223   Thumb Code     0  memseta.o(.text)
    __aeabi_memset8                          0x08000223   Thumb Code     0  memseta.o(.text)
    __aeabi_memclr                           0x08000231   Thumb Code     4  memseta.o(.text)
    __aeabi_memclr4                          0x08000231   Thumb Code     0  memseta.o(.text)
    __aeabi_memclr8                          0x08000231   Thumb Code     0  memseta.o(.text)
    _memset$wrapper                          0x08000235   Thumb Code    18  memseta.o(.text)
    memcmp                                   0x08000247   Thumb Code    26  memcmp.o(.text)
    __aeabi_dadd                             0x08000261   Thumb Code   322  dadd.o(.text)
    __aeabi_dsub                             0x080003a3   Thumb Code     6  dadd.o(.text)
    __aeabi_drsub                            0x080003a9   Thumb Code     6  dadd.o(.text)
    __aeabi_dmul                             0x080003af   Thumb Code   228  dmul.o(.text)
    __aeabi_ddiv                             0x08000493   Thumb Code   222  ddiv.o(.text)
    __aeabi_f2d                              0x08000571   Thumb Code    38  f2d.o(.text)
    __aeabi_d2f                              0x08000597   Thumb Code    56  d2f.o(.text)
    __aeabi_uidiv                            0x080005cf   Thumb Code     0  uidiv.o(.text)
    __aeabi_uidivmod                         0x080005cf   Thumb Code    44  uidiv.o(.text)
    __aeabi_uldivmod                         0x080005fb   Thumb Code    98  uldiv.o(.text)
    __aeabi_llsl                             0x0800065d   Thumb Code    30  llshl.o(.text)
    _ll_shift_l                              0x0800065d   Thumb Code     0  llshl.o(.text)
    __aeabi_lasr                             0x0800067b   Thumb Code    36  llsshr.o(.text)
    _ll_sshift_r                             0x0800067b   Thumb Code     0  llsshr.o(.text)
    __I$use$fp                               0x0800069f   Thumb Code     0  iusefp.o(.text)
    _float_round                             0x0800069f   Thumb Code    18  fepilogue.o(.text)
    _float_epilogue                          0x080006b1   Thumb Code    92  fepilogue.o(.text)
    _double_round                            0x0800070d   Thumb Code    30  depilogue.o(.text)
    _double_epilogue                         0x0800072b   Thumb Code   156  depilogue.o(.text)
    __aeabi_d2ulz                            0x080007c7   Thumb Code    48  dfixul.o(.text)
    __aeabi_cdrcmple                         0x080007f9   Thumb Code    48  cdrcmple.o(.text)
    __scatterload                            0x08000829   Thumb Code    28  init.o(.text)
    __scatterload_rt2                        0x08000829   Thumb Code     0  init.o(.text)
    __aeabi_llsr                             0x0800084d   Thumb Code    32  llushr.o(.text)
    _ll_ushift_r                             0x0800084d   Thumb Code     0  llushr.o(.text)
    _dsqrt                                   0x0800086d   Thumb Code   162  dsqrt.o(.text)
    BusFault_Handler                         0x0800090f   Thumb Code     4  stm32f4xx_it.o(i.BusFault_Handler)
    CRC16_Check                              0x08000913   Thumb Code    54  usart.o(i.CRC16_Check)
    DebugMon_Handler                         0x08000949   Thumb Code     2  stm32f4xx_it.o(i.DebugMon_Handler)
    Debug_USART_Config                       0x0800094d   Thumb Code   274  usart.o(i.Debug_USART_Config)
    EXTI9_5_IRQHandler                       0x08000a6d   Thumb Code    34  bsp_exti.o(i.EXTI9_5_IRQHandler)
    EXTI_ClearITPendingBit                   0x08000aa1   Thumb Code     6  stm32f4xx_exti.o(i.EXTI_ClearITPendingBit)
    EXTI_GetITStatus                         0x08000aad   Thumb Code    20  stm32f4xx_exti.o(i.EXTI_GetITStatus)
    EXTI_Init                                0x08000ac5   Thumb Code   142  stm32f4xx_exti.o(i.EXTI_Init)
    EXTI_MPU6050_Config                      0x08000b59   Thumb Code    84  bsp_exti.o(i.EXTI_MPU6050_Config)
    GPIO_Init                                0x08000bb1   Thumb Code   144  stm32f4xx_gpio.o(i.GPIO_Init)
    GPIO_PinAFConfig                         0x08000c41   Thumb Code    70  stm32f4xx_gpio.o(i.GPIO_PinAFConfig)
    GPIO_ResetBits                           0x08000c87   Thumb Code     4  stm32f4xx_gpio.o(i.GPIO_ResetBits)
    GPIO_SetBits                             0x08000c8b   Thumb Code     4  stm32f4xx_gpio.o(i.GPIO_SetBits)
    HardFault_Handler                        0x08000c8f   Thumb Code     4  stm32f4xx_it.o(i.HardFault_Handler)
    I2C_Start                                0x08000c95   Thumb Code    56  oled.o(i.I2C_Start)
    I2C_Stop                                 0x08000cd1   Thumb Code    38  oled.o(i.I2C_Stop)
    I2C_WaitAck                              0x08000cfd   Thumb Code    46  oled.o(i.I2C_WaitAck)
    IIC_Ack                                  0x08000d31   Thumb Code    66  myiic.o(i.IIC_Ack)
    IIC_Init                                 0x08000d81   Thumb Code    62  myiic.o(i.IIC_Init)
    IIC_NAck                                 0x08000dcd   Thumb Code    66  myiic.o(i.IIC_NAck)
    IIC_Read_Byte                            0x08000e1d   Thumb Code    94  myiic.o(i.IIC_Read_Byte)
    IIC_Send_Byte                            0x08000e89   Thumb Code    90  myiic.o(i.IIC_Send_Byte)
    IIC_Start                                0x08000ef1   Thumb Code    64  myiic.o(i.IIC_Start)
    IIC_Stop                                 0x08000f3d   Thumb Code    62  myiic.o(i.IIC_Stop)
    IIC_Wait_Ack                             0x08000f89   Thumb Code    82  myiic.o(i.IIC_Wait_Ack)
    IIC_delay                                0x08000fe9   Thumb Code    16  oled.o(i.IIC_delay)
    MECANUM_Init                             0x08000ff9   Thumb Code   184  bsp_mecanum.o(i.MECANUM_Init)
    MPU_Init                                 0x080010bd   Thumb Code   122  mpu6050.o(i.MPU_Init)
    MPU_Read_Byte                            0x08001137   Thumb Code    58  mpu6050.o(i.MPU_Read_Byte)
    MPU_Read_Len                             0x08001171   Thumb Code   116  mpu6050.o(i.MPU_Read_Len)
    MPU_Set_Accel_Fsr                        0x080011e5   Thumb Code    16  mpu6050.o(i.MPU_Set_Accel_Fsr)
    MPU_Set_Gyro_Fsr                         0x080011f5   Thumb Code    16  mpu6050.o(i.MPU_Set_Gyro_Fsr)
    MPU_Set_LPF                              0x08001205   Thumb Code    58  mpu6050.o(i.MPU_Set_LPF)
    MPU_Set_Rate                             0x0800123f   Thumb Code    58  mpu6050.o(i.MPU_Set_Rate)
    MPU_Write_Byte                           0x08001279   Thumb Code    68  mpu6050.o(i.MPU_Write_Byte)
    MPU_Write_Len                            0x080012bd   Thumb Code    96  mpu6050.o(i.MPU_Write_Len)
    MemManage_Handler                        0x0800131d   Thumb Code     4  stm32f4xx_it.o(i.MemManage_Handler)
    NMI_Handler                              0x08001321   Thumb Code     2  stm32f4xx_it.o(i.NMI_Handler)
    NVIC_Init                                0x08001371   Thumb Code   106  misc.o(i.NVIC_Init)
    NVIC_PriorityGroupConfig                 0x080013e9   Thumb Code    10  misc.o(i.NVIC_PriorityGroupConfig)
    OLED_Clear                               0x080013fd   Thumb Code    42  oled.o(i.OLED_Clear)
    OLED_DrawPoint                           0x0800142d   Thumb Code   114  oled.o(i.OLED_DrawPoint)
    OLED_Init                                0x080014a5   Thumb Code   352  oled.o(i.OLED_Init)
    OLED_Pow                                 0x0800160d   Thumb Code    22  oled.o(i.OLED_Pow)
    OLED_Refresh                             0x08001625   Thumb Code   100  oled.o(i.OLED_Refresh)
    OLED_ShowChar                            0x0800168d   Thumb Code   300  oled.o(i.OLED_ShowChar)
    OLED_ShowFNum                            0x080017c9   Thumb Code    72  oled.o(i.OLED_ShowFNum)
    OLED_ShowNum                             0x0800181d   Thumb Code   140  oled.o(i.OLED_ShowNum)
    OLED_ShowString                          0x080018a9   Thumb Code    74  oled.o(i.OLED_ShowString)
    OLED_WR_Byte                             0x080018f3   Thumb Code    56  oled.o(i.OLED_WR_Byte)
    PS2_AnologData                           0x0800192d   Thumb Code     8  pstwo.o(i.PS2_AnologData)
    PS2_ClearData                            0x08001939   Thumb Code    20  pstwo.o(i.PS2_ClearData)
    PS2_Cmd                                  0x08001951   Thumb Code   130  pstwo.o(i.PS2_Cmd)
    PS2_DataKey                              0x080019e1   Thumb Code    70  pstwo.o(i.PS2_DataKey)
    PS2_EnterConfing                         0x08001a35   Thumb Code    84  pstwo.o(i.PS2_EnterConfing)
    PS2_ExitConfing                          0x08001a91   Thumb Code    84  pstwo.o(i.PS2_ExitConfing)
    PS2_Init                                 0x08001aed   Thumb Code    92  pstwo.o(i.PS2_Init)
    PS2_ReadData                             0x08001b4d   Thumb Code   164  pstwo.o(i.PS2_ReadData)
    PS2_Receive                              0x08001c01   Thumb Code    52  pstwo.o(i.PS2_Receive)
    PS2_SetInit                              0x08001c49   Thumb Code    28  pstwo.o(i.PS2_SetInit)
    PS2_ShortPoll                            0x08001c65   Thumb Code    60  pstwo.o(i.PS2_ShortPoll)
    PS2_TurnOnAnalogMode                     0x08001ca9   Thumb Code    78  pstwo.o(i.PS2_TurnOnAnalogMode)
    PendSV_Handler                           0x08001d01   Thumb Code     2  stm32f4xx_it.o(i.PendSV_Handler)
    RCC_AHB1PeriphClockCmd                   0x08001d05   Thumb Code    26  stm32f4xx_rcc.o(i.RCC_AHB1PeriphClockCmd)
    RCC_APB1PeriphClockCmd                   0x08001d25   Thumb Code    26  stm32f4xx_rcc.o(i.RCC_APB1PeriphClockCmd)
    RCC_APB2PeriphClockCmd                   0x08001d45   Thumb Code    26  stm32f4xx_rcc.o(i.RCC_APB2PeriphClockCmd)
    RCC_GetClocksFreq                        0x08001d65   Thumb Code   214  stm32f4xx_rcc.o(i.RCC_GetClocksFreq)
    SVC_Handler                              0x08001e4d   Thumb Code     2  stm32f4xx_it.o(i.SVC_Handler)
    SYSCFG_EXTILineConfig                    0x08001e51   Thumb Code    60  stm32f4xx_syscfg.o(i.SYSCFG_EXTILineConfig)
    ScreenDisplay                            0x08001e91   Thumb Code   280  main.o(i.ScreenDisplay)
    Send_Byte                                0x08001fc9   Thumb Code    78  oled.o(i.Send_Byte)
    SysTick_CLKSourceConfig                  0x08002109   Thumb Code    40  misc.o(i.SysTick_CLKSourceConfig)
    SysTick_Handler                          0x08002131   Thumb Code     2  stm32f4xx_it.o(i.SysTick_Handler)
    SystemInit                               0x08002135   Thumb Code   104  system_stm32f4xx.o(i.SystemInit)
    TIM4_IRQHandler                          0x080021ad   Thumb Code   168  bsp_tim4_1.o(i.TIM4_IRQHandler)
    TIM6_DAC_IRQHandler                      0x08002269   Thumb Code    28  bsp_resetmcu.o(i.TIM6_DAC_IRQHandler)
    TIM_ClearFlag                            0x08002289   Thumb Code     6  stm32f4xx_tim.o(i.TIM_ClearFlag)
    TIM_ClearITPendingBit                    0x0800228f   Thumb Code     6  stm32f4xx_tim.o(i.TIM_ClearITPendingBit)
    TIM_Cmd                                  0x08002295   Thumb Code    24  stm32f4xx_tim.o(i.TIM_Cmd)
    TIM_GetCapture1                          0x080022ad   Thumb Code     6  stm32f4xx_tim.o(i.TIM_GetCapture1)
    TIM_GetCapture2                          0x080022b3   Thumb Code     6  stm32f4xx_tim.o(i.TIM_GetCapture2)
    TIM_GetCapture3                          0x080022b9   Thumb Code     6  stm32f4xx_tim.o(i.TIM_GetCapture3)
    TIM_GetCapture4                          0x080022bf   Thumb Code     6  stm32f4xx_tim.o(i.TIM_GetCapture4)
    TIM_GetITStatus                          0x080022c5   Thumb Code    34  stm32f4xx_tim.o(i.TIM_GetITStatus)
    TIM_ITConfig                             0x080022e7   Thumb Code    18  stm32f4xx_tim.o(i.TIM_ITConfig)
    TIM_Mode_Config                          0x080022f9   Thumb Code    64  bsp_resetmcu.o(i.TIM_Mode_Config)
    TIM_OC1Init                              0x0800233d   Thumb Code   114  stm32f4xx_tim.o(i.TIM_OC1Init)
    TIM_OC1PreloadConfig                     0x080023b9   Thumb Code    18  stm32f4xx_tim.o(i.TIM_OC1PreloadConfig)
    TIM_OC2Init                              0x080023cd   Thumb Code   154  stm32f4xx_tim.o(i.TIM_OC2Init)
    TIM_OC2PreloadConfig                     0x08002471   Thumb Code    26  stm32f4xx_tim.o(i.TIM_OC2PreloadConfig)
    TIM_OC3Init                              0x0800248d   Thumb Code   150  stm32f4xx_tim.o(i.TIM_OC3Init)
    TIM_OC3PreloadConfig                     0x0800252d   Thumb Code    18  stm32f4xx_tim.o(i.TIM_OC3PreloadConfig)
    TIM_OC4Init                              0x08002541   Thumb Code   112  stm32f4xx_tim.o(i.TIM_OC4Init)
    TIM_OC4PreloadConfig                     0x080025b9   Thumb Code    26  stm32f4xx_tim.o(i.TIM_OC4PreloadConfig)
    TIM_OCStructInit                         0x080025d3   Thumb Code    20  stm32f4xx_tim.o(i.TIM_OCStructInit)
    TIM_PWMOUTPUT_Config                     0x080025e9   Thumb Code   324  bsp_tim4_1.o(i.TIM_PWMOUTPUT_Config)
    TIM_SetCompare1                          0x08002745   Thumb Code     4  stm32f4xx_tim.o(i.TIM_SetCompare1)
    TIM_SetCompare2                          0x08002749   Thumb Code     4  stm32f4xx_tim.o(i.TIM_SetCompare2)
    TIM_SetCompare3                          0x0800274d   Thumb Code     4  stm32f4xx_tim.o(i.TIM_SetCompare3)
    TIM_SetCompare4                          0x08002751   Thumb Code     4  stm32f4xx_tim.o(i.TIM_SetCompare4)
    TIM_TimeBaseInit                         0x08002755   Thumb Code   104  stm32f4xx_tim.o(i.TIM_TimeBaseInit)
    USART_Cmd                                0x08002803   Thumb Code    24  stm32f4xx_usart.o(i.USART_Cmd)
    USART_GetFlagStatus                      0x0800281b   Thumb Code    26  stm32f4xx_usart.o(i.USART_GetFlagStatus)
    USART_ITConfig                           0x08002835   Thumb Code    74  stm32f4xx_usart.o(i.USART_ITConfig)
    USART_Init                               0x08002881   Thumb Code   204  stm32f4xx_usart.o(i.USART_Init)
    USART_SendData                           0x08002955   Thumb Code     8  stm32f4xx_usart.o(i.USART_SendData)
    UsageFault_Handler                       0x0800295d   Thumb Code     4  stm32f4xx_it.o(i.UsageFault_Handler)
    Usart_SendByte                           0x08002961   Thumb Code    30  usart.o(i.Usart_SendByte)
    __0printf                                0x08002981   Thumb Code    22  printfa.o(i.__0printf)
    __1printf                                0x08002981   Thumb Code     0  printfa.o(i.__0printf)
    __2printf                                0x08002981   Thumb Code     0  printfa.o(i.__0printf)
    __c89printf                              0x08002981   Thumb Code     0  printfa.o(i.__0printf)
    printf                                   0x08002981   Thumb Code     0  printfa.o(i.__0printf)
    __0sprintf                               0x080029a1   Thumb Code    34  printfa.o(i.__0sprintf)
    __1sprintf                               0x080029a1   Thumb Code     0  printfa.o(i.__0sprintf)
    __2sprintf                               0x080029a1   Thumb Code     0  printfa.o(i.__0sprintf)
    __c89sprintf                             0x080029a1   Thumb Code     0  printfa.o(i.__0sprintf)
    sprintf                                  0x080029a1   Thumb Code     0  printfa.o(i.__0sprintf)
    __ARM_fpclassify                         0x080029c9   Thumb Code    48  fpclassify.o(i.__ARM_fpclassify)
    __hardfp_asin                            0x080029f9   Thumb Code   770  asin.o(i.__hardfp_asin)
    __hardfp_atan                            0x08002d59   Thumb Code   622  atan.o(i.__hardfp_atan)
    __hardfp_atan2                           0x08003031   Thumb Code   432  atan2.o(i.__hardfp_atan2)
    __kernel_poly                            0x08003221   Thumb Code   248  poly.o(i.__kernel_poly)
    __mathlib_dbl_infnan                     0x08003319   Thumb Code    20  dunder.o(i.__mathlib_dbl_infnan)
    __mathlib_dbl_infnan2                    0x0800332d   Thumb Code    20  dunder.o(i.__mathlib_dbl_infnan2)
    __mathlib_dbl_invalid                    0x08003341   Thumb Code    24  dunder.o(i.__mathlib_dbl_invalid)
    __mathlib_dbl_underflow                  0x08003361   Thumb Code    24  dunder.o(i.__mathlib_dbl_underflow)
    __scatterload_copy                       0x08003381   Thumb Code    14  handlers.o(i.__scatterload_copy)
    __scatterload_null                       0x0800338f   Thumb Code     2  handlers.o(i.__scatterload_null)
    __scatterload_zeroinit                   0x08003391   Thumb Code    14  handlers.o(i.__scatterload_zeroinit)
    __set_errno                              0x080033a1   Thumb Code     6  errno.o(i.__set_errno)
    atan                                     0x08003d09   Thumb Code    16  atan.o(i.atan)
    delay_init                               0x08003d7d   Thumb Code    52  delay_1.o(i.delay_init)
    delay_ms                                 0x08003db9   Thumb Code    56  delay_1.o(i.delay_ms)
    delay_us                                 0x08003df1   Thumb Code    72  delay_1.o(i.delay_us)
    delay_xms                                0x08003e3d   Thumb Code    72  delay_1.o(i.delay_xms)
    dmp_enable_6x_lp_quat                    0x08003e89   Thumb Code    60  inv_mpu_dmp_motion_driver.o(i.dmp_enable_6x_lp_quat)
    dmp_enable_feature                       0x08003ec5   Thumb Code   530  inv_mpu_dmp_motion_driver.o(i.dmp_enable_feature)
    dmp_enable_gyro_cal                      0x080040e1   Thumb Code    62  inv_mpu_dmp_motion_driver.o(i.dmp_enable_gyro_cal)
    dmp_enable_lp_quat                       0x08004139   Thumb Code    60  inv_mpu_dmp_motion_driver.o(i.dmp_enable_lp_quat)
    dmp_load_motion_driver_firmware          0x08004175   Thumb Code    20  inv_mpu_dmp_motion_driver.o(i.dmp_load_motion_driver_firmware)
    dmp_read_fifo                            0x0800418d   Thumb Code   456  inv_mpu_dmp_motion_driver.o(i.dmp_read_fifo)
    dmp_set_accel_bias                       0x08004359   Thumb Code   300  inv_mpu_dmp_motion_driver.o(i.dmp_set_accel_bias)
    dmp_set_fifo_rate                        0x08004489   Thumb Code    96  inv_mpu_dmp_motion_driver.o(i.dmp_set_fifo_rate)
    dmp_set_gyro_bias                        0x080044f9   Thumb Code   294  inv_mpu_dmp_motion_driver.o(i.dmp_set_gyro_bias)
    dmp_set_orientation                      0x08004629   Thumb Code   290  inv_mpu_dmp_motion_driver.o(i.dmp_set_orientation)
    dmp_set_shake_reject_thresh              0x08004761   Thumb Code    56  inv_mpu_dmp_motion_driver.o(i.dmp_set_shake_reject_thresh)
    dmp_set_shake_reject_time                0x08004799   Thumb Code    38  inv_mpu_dmp_motion_driver.o(i.dmp_set_shake_reject_time)
    dmp_set_shake_reject_timeout             0x080047bf   Thumb Code    38  inv_mpu_dmp_motion_driver.o(i.dmp_set_shake_reject_timeout)
    dmp_set_tap_axes                         0x080047e5   Thumb Code    70  inv_mpu_dmp_motion_driver.o(i.dmp_set_tap_axes)
    dmp_set_tap_count                        0x0800482b   Thumb Code    38  inv_mpu_dmp_motion_driver.o(i.dmp_set_tap_count)
    dmp_set_tap_thresh                       0x08004851   Thumb Code   412  inv_mpu_dmp_motion_driver.o(i.dmp_set_tap_thresh)
    dmp_set_tap_time                         0x08004a11   Thumb Code    38  inv_mpu_dmp_motion_driver.o(i.dmp_set_tap_time)
    dmp_set_tap_time_multi                   0x08004a37   Thumb Code    38  inv_mpu_dmp_motion_driver.o(i.dmp_set_tap_time_multi)
    fabs                                     0x08004a5d   Thumb Code    24  fabs.o(i.fabs)
    fputc                                    0x08004a75   Thumb Code    24  usart.o(i.fputc)
    inv_orientation_matrix_to_scalar         0x080050ed   Thumb Code    40  inv_mpu.o(i.inv_orientation_matrix_to_scalar)
    inv_row_2_scale                          0x08005115   Thumb Code    78  inv_mpu.o(i.inv_row_2_scale)
    judge_Dir_Speed                          0x08005165   Thumb Code   356  main.o(i.judge_Dir_Speed)
    main                                     0x080052fd   Thumb Code   122  main.o(i.main)
    mget_ms                                  0x080053a9   Thumb Code     2  inv_mpu.o(i.mget_ms)
    mpu_configure_fifo                       0x080053ad   Thumb Code   106  inv_mpu.o(i.mpu_configure_fifo)
    mpu_dmp_get_data                         0x0800541d   Thumb Code   520  inv_mpu.o(i.mpu_dmp_get_data)
    mpu_dmp_init                             0x08005635   Thumb Code   144  inv_mpu.o(i.mpu_dmp_init)
    mpu_get_accel_fsr                        0x080056c9   Thumb Code    72  inv_mpu.o(i.mpu_get_accel_fsr)
    mpu_get_accel_sens                       0x08005715   Thumb Code    78  inv_mpu.o(i.mpu_get_accel_sens)
    mpu_get_fifo_config                      0x08005769   Thumb Code    12  inv_mpu.o(i.mpu_get_fifo_config)
    mpu_get_gyro_fsr                         0x08005779   Thumb Code    64  inv_mpu.o(i.mpu_get_gyro_fsr)
    mpu_get_gyro_sens                        0x080057bd   Thumb Code    74  inv_mpu.o(i.mpu_get_gyro_sens)
    mpu_get_lpf                              0x0800581d   Thumb Code    74  inv_mpu.o(i.mpu_get_lpf)
    mpu_get_sample_rate                      0x0800586d   Thumb Code    26  inv_mpu.o(i.mpu_get_sample_rate)
    mpu_init                                 0x0800588d   Thumb Code   416  inv_mpu.o(i.mpu_init)
    mpu_load_firmware                        0x08005a7d   Thumb Code   180  inv_mpu.o(i.mpu_load_firmware)
    mpu_lp_accel_mode                        0x08005b35   Thumb Code   218  inv_mpu.o(i.mpu_lp_accel_mode)
    mpu_read_fifo_stream                     0x08005c15   Thumb Code   186  inv_mpu.o(i.mpu_read_fifo_stream)
    mpu_read_mem                             0x08005cd5   Thumb Code   122  inv_mpu.o(i.mpu_read_mem)
    mpu_reset_fifo                           0x08005d55   Thumb Code   450  inv_mpu.o(i.mpu_reset_fifo)
    mpu_run_self_test                        0x08005f1d   Thumb Code   278  inv_mpu.o(i.mpu_run_self_test)
    mpu_set_accel_fsr                        0x08006039   Thumb Code   126  inv_mpu.o(i.mpu_set_accel_fsr)
    mpu_set_bypass                           0x080060bd   Thumb Code   328  inv_mpu.o(i.mpu_set_bypass)
    mpu_set_dmp_state                        0x08006209   Thumb Code   138  inv_mpu.o(i.mpu_set_dmp_state)
    mpu_set_gyro_fsr                         0x08006299   Thumb Code   132  inv_mpu.o(i.mpu_set_gyro_fsr)
    mpu_set_int_latched                      0x08006321   Thumb Code   102  inv_mpu.o(i.mpu_set_int_latched)
    mpu_set_lpf                              0x0800638d   Thumb Code   126  inv_mpu.o(i.mpu_set_lpf)
    mpu_set_sample_rate                      0x08006411   Thumb Code   152  inv_mpu.o(i.mpu_set_sample_rate)
    mpu_set_sensors                          0x080064ad   Thumb Code   202  inv_mpu.o(i.mpu_set_sensors)
    mpu_write_mem                            0x0800657d   Thumb Code   122  inv_mpu.o(i.mpu_write_mem)
    pack_send_data                           0x080065fd   Thumb Code   326  usart.o(i.pack_send_data)
    run_self_test                            0x08006751   Thumb Code   154  inv_mpu.o(i.run_self_test)
    sendData                                 0x080067ed   Thumb Code    28  usart.o(i.sendData)
    sqrt                                     0x0800689d   Thumb Code   110  sqrt.o(i.sqrt)
    asc2_0806                                0x0800690a   Data         552  oled.o(.constdata)
    asc2_1206                                0x08006b32   Data        1140  oled.o(.constdata)
    asc2_1608                                0x08006fa6   Data        1520  oled.o(.constdata)
    asc2_2412                                0x08007596   Data        3420  oled.o(.constdata)
    Hzk1                                     0x080082f2   Data         352  oled.o(.constdata)
    Hzk2                                     0x08008452   Data          72  oled.o(.constdata)
    Hzk3                                     0x0800849a   Data         128  oled.o(.constdata)
    Hzk4                                     0x0800851a   Data         512  oled.o(.constdata)
    reg                                      0x0800871c   Data          27  inv_mpu.o(.constdata)
    hw                                       0x08008738   Data          12  inv_mpu.o(.constdata)
    test                                     0x08008744   Data          40  inv_mpu.o(.constdata)
    __mathlib_zero                           0x08009450   Data           8  qnan.o(.constdata)
    Region$$Table$$Base                      0x080094a8   Number         0  anon$$obj.o(Region$$Table)
    Region$$Table$$Limit                     0x080094c8   Number         0  anon$$obj.o(Region$$Table)
    cnt                                      0x20000000   Data           4  main.o(.data)
    pitch                                    0x20000004   Data           4  main.o(.data)
    roll                                     0x20000008   Data           4  main.o(.data)
    yaw                                      0x2000000c   Data           4  main.o(.data)
    aacx                                     0x20000010   Data           2  main.o(.data)
    aacy                                     0x20000012   Data           2  main.o(.data)
    aacz                                     0x20000014   Data           2  main.o(.data)
    gyrox                                    0x20000016   Data           2  main.o(.data)
    gyroy                                    0x20000018   Data           2  main.o(.data)
    gyroz                                    0x2000001a   Data           2  main.o(.data)
    i                                        0x2000001c   Data           4  main.o(.data)
    PS2_LX                                   0x20000020   Data           4  main.o(.data)
    PS2_LY                                   0x20000024   Data           4  main.o(.data)
    PS2_RX                                   0x20000028   Data           4  main.o(.data)
    PS2_RY                                   0x2000002c   Data           4  main.o(.data)
    PS2_KEY                                  0x20000030   Data           4  main.o(.data)
    CCR1_Val                                 0x20000034   Data           2  main.o(.data)
    CCR2_Val                                 0x20000036   Data           2  main.o(.data)
    CCR3_Val                                 0x20000038   Data           2  main.o(.data)
    CCR4_Val                                 0x2000003a   Data           2  main.o(.data)
    Handkey                                  0x20000086   Data           2  pstwo.o(.data)
    Comd                                     0x20000088   Data           2  pstwo.o(.data)
    MASK                                     0x2000008a   Data          32  pstwo.o(.data)
    __stdout                                 0x200000ac   Data           4  stdout.o(.data)
    OLED_GRAM                                0x200000b4   Data        1024  oled.o(.bss)
    Data                                     0x200004c4   Data           9  pstwo.o(.bss)
    __initial_sp                             0x200008d0   Data           0  startup_stm32f40_41xxx.o(STACK)



==============================================================================

Memory Map of the image

  Image Entry point : 0x08000189

  Load Region LR_IROM1 (Base: 0x08000000, Size: 0x0000957c, Max: 0x00080000, ABSOLUTE)

    Execution Region ER_IROM1 (Base: 0x08000000, Size: 0x000094c8, Max: 0x00080000, ABSOLUTE)

    Base Addr    Size         Type   Attr      Idx    E Section Name        Object

    0x08000000   0x00000188   Data   RO          305    RESET               startup_stm32f40_41xxx.o
    0x08000188   0x00000000   Code   RO         6313  * .ARM.Collect$$$$00000000  mc_w.l(entry.o)
    0x08000188   0x00000004   Code   RO         6646    .ARM.Collect$$$$00000001  mc_w.l(entry2.o)
    0x0800018c   0x00000004   Code   RO         6649    .ARM.Collect$$$$00000004  mc_w.l(entry5.o)
    0x08000190   0x00000000   Code   RO         6651    .ARM.Collect$$$$00000008  mc_w.l(entry7b.o)
    0x08000190   0x00000000   Code   RO         6653    .ARM.Collect$$$$0000000A  mc_w.l(entry8b.o)
    0x08000190   0x00000008   Code   RO         6654    .ARM.Collect$$$$0000000B  mc_w.l(entry9a.o)
    0x08000198   0x00000000   Code   RO         6656    .ARM.Collect$$$$0000000D  mc_w.l(entry10a.o)
    0x08000198   0x00000000   Code   RO         6658    .ARM.Collect$$$$0000000F  mc_w.l(entry11a.o)
    0x08000198   0x00000004   Code   RO         6647    .ARM.Collect$$$$00002712  mc_w.l(entry2.o)
    0x0800019c   0x00000024   Code   RO          306    .text               startup_stm32f40_41xxx.o
    0x080001c0   0x00000062   Code   RO         6316    .text               mc_w.l(ldiv.o)
    0x08000222   0x00000024   Code   RO         6318    .text               mc_w.l(memseta.o)
    0x08000246   0x0000001a   Code   RO         6320    .text               mc_w.l(memcmp.o)
    0x08000260   0x0000014e   Code   RO         6583    .text               mf_w.l(dadd.o)
    0x080003ae   0x000000e4   Code   RO         6585    .text               mf_w.l(dmul.o)
    0x08000492   0x000000de   Code   RO         6587    .text               mf_w.l(ddiv.o)
    0x08000570   0x00000026   Code   RO         6591    .text               mf_w.l(f2d.o)
    0x08000596   0x00000038   Code   RO         6593    .text               mf_w.l(d2f.o)
    0x080005ce   0x0000002c   Code   RO         6661    .text               mc_w.l(uidiv.o)
    0x080005fa   0x00000062   Code   RO         6663    .text               mc_w.l(uldiv.o)
    0x0800065c   0x0000001e   Code   RO         6665    .text               mc_w.l(llshl.o)
    0x0800067a   0x00000024   Code   RO         6667    .text               mc_w.l(llsshr.o)
    0x0800069e   0x00000000   Code   RO         6676    .text               mc_w.l(iusefp.o)
    0x0800069e   0x0000006e   Code   RO         6677    .text               mf_w.l(fepilogue.o)
    0x0800070c   0x000000ba   Code   RO         6679    .text               mf_w.l(depilogue.o)
    0x080007c6   0x00000030   Code   RO         6683    .text               mf_w.l(dfixul.o)
    0x080007f6   0x00000002   PAD
    0x080007f8   0x00000030   Code   RO         6685    .text               mf_w.l(cdrcmple.o)
    0x08000828   0x00000024   Code   RO         6687    .text               mc_w.l(init.o)
    0x0800084c   0x00000020   Code   RO         6689    .text               mc_w.l(llushr.o)
    0x0800086c   0x000000a2   Code   RO         6691    .text               mf_w.l(dsqrt.o)
    0x0800090e   0x00000004   Code   RO          196    i.BusFault_Handler  stm32f4xx_it.o
    0x08000912   0x00000036   Code   RO         5126    i.CRC16_Check       usart.o
    0x08000948   0x00000002   Code   RO          197    i.DebugMon_Handler  stm32f4xx_it.o
    0x0800094a   0x00000002   PAD
    0x0800094c   0x00000120   Code   RO         5127    i.Debug_USART_Config  usart.o
    0x08000a6c   0x00000034   Code   RO         6221    i.EXTI9_5_IRQHandler  bsp_exti.o
    0x08000aa0   0x0000000c   Code   RO         1585    i.EXTI_ClearITPendingBit  stm32f4xx_exti.o
    0x08000aac   0x00000018   Code   RO         1589    i.EXTI_GetITStatus  stm32f4xx_exti.o
    0x08000ac4   0x00000094   Code   RO         1590    i.EXTI_Init         stm32f4xx_exti.o
    0x08000b58   0x00000058   Code   RO         6222    i.EXTI_MPU6050_Config  bsp_exti.o
    0x08000bb0   0x00000090   Code   RO         2061    i.GPIO_Init         stm32f4xx_gpio.o
    0x08000c40   0x00000046   Code   RO         2062    i.GPIO_PinAFConfig  stm32f4xx_gpio.o
    0x08000c86   0x00000004   Code   RO         2068    i.GPIO_ResetBits    stm32f4xx_gpio.o
    0x08000c8a   0x00000004   Code   RO         2069    i.GPIO_SetBits      stm32f4xx_gpio.o
    0x08000c8e   0x00000004   Code   RO          198    i.HardFault_Handler  stm32f4xx_it.o
    0x08000c92   0x00000002   PAD
    0x08000c94   0x0000003c   Code   RO         5236    i.I2C_Start         oled.o
    0x08000cd0   0x0000002c   Code   RO         5237    i.I2C_Stop          oled.o
    0x08000cfc   0x00000034   Code   RO         5238    i.I2C_WaitAck       oled.o
    0x08000d30   0x00000050   Code   RO         6027    i.IIC_Ack           myiic.o
    0x08000d80   0x0000004c   Code   RO         6028    i.IIC_Init          myiic.o
    0x08000dcc   0x00000050   Code   RO         6029    i.IIC_NAck          myiic.o
    0x08000e1c   0x0000006c   Code   RO         6030    i.IIC_Read_Byte     myiic.o
    0x08000e88   0x00000068   Code   RO         6031    i.IIC_Send_Byte     myiic.o
    0x08000ef0   0x0000004c   Code   RO         6032    i.IIC_Start         myiic.o
    0x08000f3c   0x0000004c   Code   RO         6033    i.IIC_Stop          myiic.o
    0x08000f88   0x00000060   Code   RO         6034    i.IIC_Wait_Ack      myiic.o
    0x08000fe8   0x00000010   Code   RO         5239    i.IIC_delay         oled.o
    0x08000ff8   0x000000c4   Code   RO         6201    i.MECANUM_Init      bsp_mecanum.o
    0x080010bc   0x0000007a   Code   RO         5411    i.MPU_Init          mpu6050.o
    0x08001136   0x0000003a   Code   RO         5412    i.MPU_Read_Byte     mpu6050.o
    0x08001170   0x00000074   Code   RO         5413    i.MPU_Read_Len      mpu6050.o
    0x080011e4   0x00000010   Code   RO         5414    i.MPU_Set_Accel_Fsr  mpu6050.o
    0x080011f4   0x00000010   Code   RO         5415    i.MPU_Set_Gyro_Fsr  mpu6050.o
    0x08001204   0x0000003a   Code   RO         5416    i.MPU_Set_LPF       mpu6050.o
    0x0800123e   0x0000003a   Code   RO         5417    i.MPU_Set_Rate      mpu6050.o
    0x08001278   0x00000044   Code   RO         5418    i.MPU_Write_Byte    mpu6050.o
    0x080012bc   0x00000060   Code   RO         5419    i.MPU_Write_Len     mpu6050.o
    0x0800131c   0x00000004   Code   RO          199    i.MemManage_Handler  stm32f4xx_it.o
    0x08001320   0x00000002   Code   RO          200    i.NMI_Handler       stm32f4xx_it.o
    0x08001322   0x00000026   Code   RO         5128    i.NVIC2_Configuration  usart.o
    0x08001348   0x00000026   Code   RO         6223    i.NVIC_Configuration  bsp_exti.o
    0x0800136e   0x00000002   PAD
    0x08001370   0x00000078   Code   RO          312    i.NVIC_Init         misc.o
    0x080013e8   0x00000014   Code   RO          313    i.NVIC_PriorityGroupConfig  misc.o
    0x080013fc   0x00000030   Code   RO         5240    i.OLED_Clear        oled.o
    0x0800142c   0x00000078   Code   RO         5247    i.OLED_DrawPoint    oled.o
    0x080014a4   0x00000168   Code   RO         5248    i.OLED_Init         oled.o
    0x0800160c   0x00000016   Code   RO         5249    i.OLED_Pow          oled.o
    0x08001622   0x00000002   PAD
    0x08001624   0x00000068   Code   RO         5250    i.OLED_Refresh      oled.o
    0x0800168c   0x0000013c   Code   RO         5252    i.OLED_ShowChar     oled.o
    0x080017c8   0x00000054   Code   RO         5254    i.OLED_ShowFNum     oled.o
    0x0800181c   0x0000008c   Code   RO         5255    i.OLED_ShowNum      oled.o
    0x080018a8   0x0000004a   Code   RO         5257    i.OLED_ShowString   oled.o
    0x080018f2   0x00000038   Code   RO         5258    i.OLED_WR_Byte      oled.o
    0x0800192a   0x00000002   PAD
    0x0800192c   0x0000000c   Code   RO         6089    i.PS2_AnologData    pstwo.o
    0x08001938   0x00000018   Code   RO         6090    i.PS2_ClearData     pstwo.o
    0x08001950   0x00000090   Code   RO         6091    i.PS2_Cmd           pstwo.o
    0x080019e0   0x00000054   Code   RO         6092    i.PS2_DataKey       pstwo.o
    0x08001a34   0x0000005c   Code   RO         6093    i.PS2_EnterConfing  pstwo.o
    0x08001a90   0x0000005c   Code   RO         6094    i.PS2_ExitConfing   pstwo.o
    0x08001aec   0x00000060   Code   RO         6095    i.PS2_Init          pstwo.o
    0x08001b4c   0x000000b4   Code   RO         6096    i.PS2_ReadData      pstwo.o
    0x08001c00   0x00000048   Code   RO         6097    i.PS2_Receive       pstwo.o
    0x08001c48   0x0000001c   Code   RO         6099    i.PS2_SetInit       pstwo.o
    0x08001c64   0x00000044   Code   RO         6100    i.PS2_ShortPoll     pstwo.o
    0x08001ca8   0x00000058   Code   RO         6101    i.PS2_TurnOnAnalogMode  pstwo.o
    0x08001d00   0x00000002   Code   RO          201    i.PendSV_Handler    stm32f4xx_it.o
    0x08001d02   0x00000002   PAD
    0x08001d04   0x00000020   Code   RO         2925    i.RCC_AHB1PeriphClockCmd  stm32f4xx_rcc.o
    0x08001d24   0x00000020   Code   RO         2934    i.RCC_APB1PeriphClockCmd  stm32f4xx_rcc.o
    0x08001d44   0x00000020   Code   RO         2937    i.RCC_APB2PeriphClockCmd  stm32f4xx_rcc.o
    0x08001d64   0x000000e8   Code   RO         2946    i.RCC_GetClocksFreq  stm32f4xx_rcc.o
    0x08001e4c   0x00000002   Code   RO          202    i.SVC_Handler       stm32f4xx_it.o
    0x08001e4e   0x00000002   PAD
    0x08001e50   0x00000040   Code   RO         4203    i.SYSCFG_EXTILineConfig  stm32f4xx_syscfg.o
    0x08001e90   0x00000138   Code   RO            3    i.ScreenDisplay     main.o
    0x08001fc8   0x00000054   Code   RO         5259    i.Send_Byte         oled.o
    0x0800201c   0x000000ec   Code   RO          268    i.SetSysClock       system_stm32f4xx.o
    0x08002108   0x00000028   Code   RO          316    i.SysTick_CLKSourceConfig  misc.o
    0x08002130   0x00000002   Code   RO          203    i.SysTick_Handler   stm32f4xx_it.o
    0x08002132   0x00000002   PAD
    0x08002134   0x00000078   Code   RO          270    i.SystemInit        system_stm32f4xx.o
    0x080021ac   0x000000bc   Code   RO         5206    i.TIM4_IRQHandler   bsp_tim4_1.o
    0x08002268   0x00000020   Code   RO         6257    i.TIM6_DAC_IRQHandler  bsp_resetmcu.o
    0x08002288   0x00000006   Code   RO         4266    i.TIM_ClearFlag     stm32f4xx_tim.o
    0x0800228e   0x00000006   Code   RO         4267    i.TIM_ClearITPendingBit  stm32f4xx_tim.o
    0x08002294   0x00000018   Code   RO         4272    i.TIM_Cmd           stm32f4xx_tim.o
    0x080022ac   0x00000006   Code   RO         4287    i.TIM_GetCapture1   stm32f4xx_tim.o
    0x080022b2   0x00000006   Code   RO         4288    i.TIM_GetCapture2   stm32f4xx_tim.o
    0x080022b8   0x00000006   Code   RO         4289    i.TIM_GetCapture3   stm32f4xx_tim.o
    0x080022be   0x00000006   Code   RO         4290    i.TIM_GetCapture4   stm32f4xx_tim.o
    0x080022c4   0x00000022   Code   RO         4293    i.TIM_GetITStatus   stm32f4xx_tim.o
    0x080022e6   0x00000012   Code   RO         4297    i.TIM_ITConfig      stm32f4xx_tim.o
    0x080022f8   0x00000044   Code   RO         6258    i.TIM_Mode_Config   bsp_resetmcu.o
    0x0800233c   0x0000007c   Code   RO         4301    i.TIM_OC1Init       stm32f4xx_tim.o
    0x080023b8   0x00000012   Code   RO         4304    i.TIM_OC1PreloadConfig  stm32f4xx_tim.o
    0x080023ca   0x00000002   PAD
    0x080023cc   0x000000a4   Code   RO         4306    i.TIM_OC2Init       stm32f4xx_tim.o
    0x08002470   0x0000001a   Code   RO         4309    i.TIM_OC2PreloadConfig  stm32f4xx_tim.o
    0x0800248a   0x00000002   PAD
    0x0800248c   0x000000a0   Code   RO         4311    i.TIM_OC3Init       stm32f4xx_tim.o
    0x0800252c   0x00000012   Code   RO         4314    i.TIM_OC3PreloadConfig  stm32f4xx_tim.o
    0x0800253e   0x00000002   PAD
    0x08002540   0x00000078   Code   RO         4316    i.TIM_OC4Init       stm32f4xx_tim.o
    0x080025b8   0x0000001a   Code   RO         4318    i.TIM_OC4PreloadConfig  stm32f4xx_tim.o
    0x080025d2   0x00000014   Code   RO         4319    i.TIM_OCStructInit  stm32f4xx_tim.o
    0x080025e6   0x00000002   PAD
    0x080025e8   0x0000015c   Code   RO         5207    i.TIM_PWMOUTPUT_Config  bsp_tim4_1.o
    0x08002744   0x00000004   Code   RO         4334    i.TIM_SetCompare1   stm32f4xx_tim.o
    0x08002748   0x00000004   Code   RO         4335    i.TIM_SetCompare2   stm32f4xx_tim.o
    0x0800274c   0x00000004   Code   RO         4336    i.TIM_SetCompare3   stm32f4xx_tim.o
    0x08002750   0x00000004   Code   RO         4337    i.TIM_SetCompare4   stm32f4xx_tim.o
    0x08002754   0x00000084   Code   RO         4344    i.TIM_TimeBaseInit  stm32f4xx_tim.o
    0x080027d8   0x0000002a   Code   RO         6259    i.TIMx_NVIC_Configuration  bsp_resetmcu.o
    0x08002802   0x00000018   Code   RO         4822    i.USART_Cmd         stm32f4xx_usart.o
    0x0800281a   0x0000001a   Code   RO         4825    i.USART_GetFlagStatus  stm32f4xx_usart.o
    0x08002834   0x0000004a   Code   RO         4828    i.USART_ITConfig    stm32f4xx_usart.o
    0x0800287e   0x00000002   PAD
    0x08002880   0x000000d4   Code   RO         4829    i.USART_Init        stm32f4xx_usart.o
    0x08002954   0x00000008   Code   RO         4839    i.USART_SendData    stm32f4xx_usart.o
    0x0800295c   0x00000004   Code   RO          204    i.UsageFault_Handler  stm32f4xx_it.o
    0x08002960   0x0000001e   Code   RO         5129    i.Usart_SendByte    usart.o
    0x0800297e   0x00000002   PAD
    0x08002980   0x00000020   Code   RO         6555    i.__0printf         mc_w.l(printfa.o)
    0x080029a0   0x00000028   Code   RO         6557    i.__0sprintf        mc_w.l(printfa.o)
    0x080029c8   0x00000030   Code   RO         6629    i.__ARM_fpclassify  m_wm.l(fpclassify.o)
    0x080029f8   0x00000360   Code   RO         6287    i.__hardfp_asin     m_wm.l(asin.o)
    0x08002d58   0x000002d8   Code   RO         6595    i.__hardfp_atan     m_wm.l(atan.o)
    0x08003030   0x000001f0   Code   RO         6301    i.__hardfp_atan2    m_wm.l(atan2.o)
    0x08003220   0x000000f8   Code   RO         6631    i.__kernel_poly     m_wm.l(poly.o)
    0x08003318   0x00000014   Code   RO         6610    i.__mathlib_dbl_infnan  m_wm.l(dunder.o)
    0x0800332c   0x00000014   Code   RO         6611    i.__mathlib_dbl_infnan2  m_wm.l(dunder.o)
    0x08003340   0x00000020   Code   RO         6612    i.__mathlib_dbl_invalid  m_wm.l(dunder.o)
    0x08003360   0x00000020   Code   RO         6615    i.__mathlib_dbl_underflow  m_wm.l(dunder.o)
    0x08003380   0x0000000e   Code   RO         6697    i.__scatterload_copy  mc_w.l(handlers.o)
    0x0800338e   0x00000002   Code   RO         6698    i.__scatterload_null  mc_w.l(handlers.o)
    0x08003390   0x0000000e   Code   RO         6699    i.__scatterload_zeroinit  mc_w.l(handlers.o)
    0x0800339e   0x00000002   PAD
    0x080033a0   0x0000000c   Code   RO         6671    i.__set_errno       mc_w.l(errno.o)
    0x080033ac   0x00000164   Code   RO         6562    i._fp_digits        mc_w.l(printfa.o)
    0x08003510   0x000006dc   Code   RO         6563    i._printf_core      mc_w.l(printfa.o)
    0x08003bec   0x00000024   Code   RO         6564    i._printf_post_padding  mc_w.l(printfa.o)
    0x08003c10   0x0000002e   Code   RO         6565    i._printf_pre_padding  mc_w.l(printfa.o)
    0x08003c3e   0x0000000a   Code   RO         6567    i._sputc            mc_w.l(printfa.o)
    0x08003c48   0x000000c0   Code   RO         5497    i.accel_self_test   inv_mpu.o
    0x08003d08   0x00000010   Code   RO         6597    i.atan              m_wm.l(atan.o)
    0x08003d18   0x00000064   Code   RO         5833    i.decode_gesture    inv_mpu_dmp_motion_driver.o
    0x08003d7c   0x0000003c   Code   RO         5068    i.delay_init        delay_1.o
    0x08003db8   0x00000038   Code   RO         5069    i.delay_ms          delay_1.o
    0x08003df0   0x0000004c   Code   RO         5070    i.delay_us          delay_1.o
    0x08003e3c   0x0000004c   Code   RO         5071    i.delay_xms         delay_1.o
    0x08003e88   0x0000003c   Code   RO         5834    i.dmp_enable_6x_lp_quat  inv_mpu_dmp_motion_driver.o
    0x08003ec4   0x0000021c   Code   RO         5835    i.dmp_enable_feature  inv_mpu_dmp_motion_driver.o
    0x080040e0   0x00000058   Code   RO         5836    i.dmp_enable_gyro_cal  inv_mpu_dmp_motion_driver.o
    0x08004138   0x0000003c   Code   RO         5837    i.dmp_enable_lp_quat  inv_mpu_dmp_motion_driver.o
    0x08004174   0x00000018   Code   RO         5842    i.dmp_load_motion_driver_firmware  inv_mpu_dmp_motion_driver.o
    0x0800418c   0x000001cc   Code   RO         5843    i.dmp_read_fifo     inv_mpu_dmp_motion_driver.o
    0x08004358   0x00000130   Code   RO         5846    i.dmp_set_accel_bias  inv_mpu_dmp_motion_driver.o
    0x08004488   0x00000070   Code   RO         5847    i.dmp_set_fifo_rate  inv_mpu_dmp_motion_driver.o
    0x080044f8   0x00000130   Code   RO         5848    i.dmp_set_gyro_bias  inv_mpu_dmp_motion_driver.o
    0x08004628   0x00000138   Code   RO         5850    i.dmp_set_orientation  inv_mpu_dmp_motion_driver.o
    0x08004760   0x00000038   Code   RO         5853    i.dmp_set_shake_reject_thresh  inv_mpu_dmp_motion_driver.o
    0x08004798   0x00000026   Code   RO         5854    i.dmp_set_shake_reject_time  inv_mpu_dmp_motion_driver.o
    0x080047be   0x00000026   Code   RO         5855    i.dmp_set_shake_reject_timeout  inv_mpu_dmp_motion_driver.o
    0x080047e4   0x00000046   Code   RO         5856    i.dmp_set_tap_axes  inv_mpu_dmp_motion_driver.o
    0x0800482a   0x00000026   Code   RO         5857    i.dmp_set_tap_count  inv_mpu_dmp_motion_driver.o
    0x08004850   0x000001c0   Code   RO         5858    i.dmp_set_tap_thresh  inv_mpu_dmp_motion_driver.o
    0x08004a10   0x00000026   Code   RO         5859    i.dmp_set_tap_time  inv_mpu_dmp_motion_driver.o
    0x08004a36   0x00000026   Code   RO         5860    i.dmp_set_tap_time_multi  inv_mpu_dmp_motion_driver.o
    0x08004a5c   0x00000018   Code   RO         6625    i.fabs              m_wm.l(fabs.o)
    0x08004a74   0x0000001c   Code   RO         5134    i.fputc             usart.o
    0x08004a90   0x000000d0   Code   RO         5498    i.get_accel_prod_shift  inv_mpu.o
    0x08004b60   0x00000470   Code   RO         5499    i.get_st_biases     inv_mpu.o
    0x08004fd0   0x0000011c   Code   RO         5500    i.gyro_self_test    inv_mpu.o
    0x080050ec   0x00000028   Code   RO         5501    i.inv_orientation_matrix_to_scalar  inv_mpu.o
    0x08005114   0x0000004e   Code   RO         5502    i.inv_row_2_scale   inv_mpu.o
    0x08005162   0x00000002   PAD
    0x08005164   0x00000198   Code   RO            4    i.judge_Dir_Speed   main.o
    0x080052fc   0x000000ac   Code   RO            5    i.main              main.o
    0x080053a8   0x00000002   Code   RO         5503    i.mget_ms           inv_mpu.o
    0x080053aa   0x00000002   PAD
    0x080053ac   0x00000070   Code   RO         5504    i.mpu_configure_fifo  inv_mpu.o
    0x0800541c   0x00000218   Code   RO         5505    i.mpu_dmp_get_data  inv_mpu.o
    0x08005634   0x00000094   Code   RO         5506    i.mpu_dmp_init      inv_mpu.o
    0x080056c8   0x0000004c   Code   RO         5507    i.mpu_get_accel_fsr  inv_mpu.o
    0x08005714   0x00000054   Code   RO         5509    i.mpu_get_accel_sens  inv_mpu.o
    0x08005768   0x00000010   Code   RO         5514    i.mpu_get_fifo_config  inv_mpu.o
    0x08005778   0x00000044   Code   RO         5515    i.mpu_get_gyro_fsr  inv_mpu.o
    0x080057bc   0x00000060   Code   RO         5517    i.mpu_get_gyro_sens  inv_mpu.o
    0x0800581c   0x00000050   Code   RO         5519    i.mpu_get_lpf       inv_mpu.o
    0x0800586c   0x00000020   Code   RO         5521    i.mpu_get_sample_rate  inv_mpu.o
    0x0800588c   0x000001f0   Code   RO         5523    i.mpu_init          inv_mpu.o
    0x08005a7c   0x000000b8   Code   RO         5524    i.mpu_load_firmware  inv_mpu.o
    0x08005b34   0x000000e0   Code   RO         5525    i.mpu_lp_accel_mode  inv_mpu.o
    0x08005c14   0x000000c0   Code   RO         5528    i.mpu_read_fifo_stream  inv_mpu.o
    0x08005cd4   0x00000080   Code   RO         5529    i.mpu_read_mem      inv_mpu.o
    0x08005d54   0x000001c8   Code   RO         5532    i.mpu_reset_fifo    inv_mpu.o
    0x08005f1c   0x0000011c   Code   RO         5533    i.mpu_run_self_test  inv_mpu.o
    0x08006038   0x00000084   Code   RO         5535    i.mpu_set_accel_fsr  inv_mpu.o
    0x080060bc   0x0000014c   Code   RO         5536    i.mpu_set_bypass    inv_mpu.o
    0x08006208   0x00000090   Code   RO         5538    i.mpu_set_dmp_state  inv_mpu.o
    0x08006298   0x00000088   Code   RO         5539    i.mpu_set_gyro_fsr  inv_mpu.o
    0x08006320   0x0000006c   Code   RO         5540    i.mpu_set_int_latched  inv_mpu.o
    0x0800638c   0x00000084   Code   RO         5542    i.mpu_set_lpf       inv_mpu.o
    0x08006410   0x0000009c   Code   RO         5543    i.mpu_set_sample_rate  inv_mpu.o
    0x080064ac   0x000000d0   Code   RO         5544    i.mpu_set_sensors   inv_mpu.o
    0x0800657c   0x00000080   Code   RO         5545    i.mpu_write_mem     inv_mpu.o
    0x080065fc   0x00000154   Code   RO         5135    i.pack_send_data    usart.o
    0x08006750   0x0000009a   Code   RO         5546    i.run_self_test     inv_mpu.o
    0x080067ea   0x00000002   PAD
    0x080067ec   0x00000020   Code   RO         5136    i.sendData          usart.o
    0x0800680c   0x00000090   Code   RO         5547    i.set_int_enable    inv_mpu.o
    0x0800689c   0x0000006e   Code   RO         6636    i.sqrt              m_wm.l(sqrt.o)
    0x0800690a   0x00001e10   Data   RO         5261    .constdata          oled.o
    0x0800871a   0x00000002   PAD
    0x0800871c   0x00000050   Data   RO         5549    .constdata          inv_mpu.o
    0x0800876c   0x00000bf6   Data   RO         5862    .constdata          inv_mpu_dmp_motion_driver.o
    0x08009362   0x00000006   PAD
    0x08009368   0x00000050   Data   RO         6290    .constdata          m_wm.l(asin.o)
    0x080093b8   0x00000098   Data   RO         6598    .constdata          m_wm.l(atan.o)
    0x08009450   0x00000008   Data   RO         6633    .constdata          m_wm.l(qnan.o)
    0x08009458   0x0000004d   Data   RO         5550    .conststring        inv_mpu.o
    0x080094a5   0x00000003   PAD
    0x080094a8   0x00000020   Data   RO         6695    Region$$Table       anon$$obj.o


    Execution Region RW_IRAM1 (Base: 0x20000000, Size: 0x000008d0, Max: 0x00020000, ABSOLUTE)

    Base Addr    Size         Type   Attr      Idx    E Section Name        Object

    0x20000000   0x0000003c   Data   RW            6    .data               main.o
    0x2000003c   0x00000010   Data   RW         2978    .data               stm32f4xx_rcc.o
    0x2000004c   0x00000004   Data   RW         5072    .data               delay_1.o
    0x20000050   0x00000035   Data   RW         5551    .data               inv_mpu.o
    0x20000085   0x00000001   PAD
    0x20000086   0x00000024   Data   RW         6105    .data               pstwo.o
    0x200000aa   0x00000002   PAD
    0x200000ac   0x00000004   Data   RW         6660    .data               mc_w.l(stdout.o)
    0x200000b0   0x00000004   Data   RW         6672    .data               mc_w.l(errno.o)
    0x200000b4   0x00000400   Zero   RW         5260    .bss                oled.o
    0x200004b4   0x00000010   Zero   RW         5861    .bss                inv_mpu_dmp_motion_driver.o
    0x200004c4   0x00000009   Zero   RW         6104    .bss                pstwo.o
    0x200004cd   0x00000003   PAD
    0x200004d0   0x00000400   Zero   RW          303    STACK               startup_stm32f40_41xxx.o


==============================================================================

Image component sizes


      Code (inc. data)   RO Data    RW Data    ZI Data      Debug   Object Name

       178         22          0          0          0       1599   bsp_exti.o
       196         12          0          0          0        631   bsp_mecanum.o
       142          8          0          0          0       1600   bsp_resetmcu.o
       536         44          0          0          0       1625   bsp_tim4_1.o
       268         16          0          4          0       2415   delay_1.o
      6926        318        157         53          0      32036   inv_mpu.o
      3128        138       3062          0         16      21142   inv_mpu_dmp_motion_driver.o
       892        134          0         60          0      56373   main.o
       180         24          0          0          0     233421   misc.o
       608          0          0          0          0       6347   mpu6050.o
       696        110          0          0          0       4374   myiic.o
      1580         74       7696          0       1024      11045   oled.o
       980        110          0         36          9       7178   pstwo.o
        36          8        392          0       1024        816   startup_stm32f40_41xxx.o
       184         16          0          0          0       2004   stm32f4xx_exti.o
       222          0          0          0          0       2767   stm32f4xx_gpio.o
        26          0          0          0          0       3878   stm32f4xx_it.o
       328         36          0         16          0       4487   stm32f4xx_rcc.o
        64          4          0          0          0        632   stm32f4xx_syscfg.o
       936         66          0          0          0      14057   stm32f4xx_tim.o
       344          8          0          0          0       3989   stm32f4xx_usart.o
       356         32          0          0          0       1421   system_stm32f4xx.o
       810         36          0          0          0       4985   usart.o

    ----------------------------------------------------------------------
     19650       1216      11350        172       2076     418822   Object Totals
         0          0         32          0          0          0   (incl. Generated)
        34          0         11          3          3          0   (incl. Padding)

    ----------------------------------------------------------------------

      Code (inc. data)   RO Data    RW Data    ZI Data      Debug   Library Member Name

       864         94         80          0          0        280   asin.o
       744        106        152          0          0        352   atan.o
       496         64          0          0          0        192   atan2.o
       104         16          0          0          0        496   dunder.o
        24          0          0          0          0        124   fabs.o
        48          0          0          0          0        124   fpclassify.o
       248          0          0          0          0        152   poly.o
         0          0          8          0          0          0   qnan.o
       110          0          0          0          0        148   sqrt.o
         0          0          0          0          0          0   entry.o
         0          0          0          0          0          0   entry10a.o
         0          0          0          0          0          0   entry11a.o
         8          4          0          0          0          0   entry2.o
         4          0          0          0          0          0   entry5.o
         0          0          0          0          0          0   entry7b.o
         0          0          0          0          0          0   entry8b.o
         8          4          0          0          0          0   entry9a.o
        12          6          0          4          0         68   errno.o
        30          0          0          0          0          0   handlers.o
        36          8          0          0          0         68   init.o
         0          0          0          0          0          0   iusefp.o
        98          0          0          0          0         84   ldiv.o
        30          0          0          0          0         68   llshl.o
        36          0          0          0          0         68   llsshr.o
        32          0          0          0          0         68   llushr.o
        26          0          0          0          0         80   memcmp.o
        36          0          0          0          0        108   memseta.o
      2276         96          0          0          0        596   printfa.o
         0          0          0          4          0          0   stdout.o
        44          0          0          0          0         80   uidiv.o
        98          0          0          0          0         92   uldiv.o
        48          0          0          0          0         68   cdrcmple.o
        56          0          0          0          0         88   d2f.o
       334          0          0          0          0        148   dadd.o
       222          0          0          0          0        100   ddiv.o
       186          0          0          0          0        176   depilogue.o
        48          0          0          0          0         68   dfixul.o
       228          0          0          0          0         96   dmul.o
       162          0          0          0          0        100   dsqrt.o
        38          0          0          0          0         68   f2d.o
       110          0          0          0          0        168   fepilogue.o

    ----------------------------------------------------------------------
      6848        398        240          8          0       4328   Library Totals
         4          0          0          0          0          0   (incl. Padding)

    ----------------------------------------------------------------------

      Code (inc. data)   RO Data    RW Data    ZI Data      Debug   Library Name

      2638        280        240          0          0       1868   m_wm.l
      2774        118          0          8          0       1380   mc_w.l
      1432          0          0          0          0       1080   mf_w.l

    ----------------------------------------------------------------------
      6848        398        240          8          0       4328   Library Totals

    ----------------------------------------------------------------------

==============================================================================


      Code (inc. data)   RO Data    RW Data    ZI Data      Debug   

     26498       1614      11590        180       2076     404106   Grand Totals
     26498       1614      11590        180       2076     404106   ELF Image Totals
     26498       1614      11590        180          0          0   ROM Totals

==============================================================================

    Total RO  Size (Code + RO Data)                38088 (  37.20kB)
    Total RW  Size (RW Data + ZI Data)              2256 (   2.20kB)
    Total ROM Size (Code + RO Data + RW Data)      38268 (  37.37kB)

==============================================================================

